<html>
<body>
<pre>
<h1>µVision Build Log</h1>
<h2>Project:</h2>
H:\Github\OneNET_MBH_GPS_HTTP\stm32f103.uvproj
Project File Date:  07/09/2017

<h2>Output:</h2>
Build target 'STM32F103'
compiling core_cm3.c...
compiling stm32f10x_it.c...
compiling system_stm32f10x.c...
assembling startup_stm32f10x_hd.s...
compiling misc.c...
compiling stm32f10x_gpio.c...
compiling stm32f10x_rcc.c...
compiling stm32f10x_tim.c...
compiling stm32f10x_usart.c...
compiling stm32f10x_adc.c...
compiling stm32f10x_dma.c...
compiling at24c02.c...
compiling beep.c...
compiling delay.c...
compiling hwtimer.c...
compiling i2c.c...
compiling info.c...
compiling key.c...
compiling led.c...
compiling selfcheck.c...
compiling usart.c...
hardware\src\usart.c(234): warning:  #177-D: variable "nvicInitStruct" was declared but never referenced
compiling gps_config.c...
compiling lcd1602.c...
hardware\src\lcd1602.c(308): warning:  #1-D: last line of file ends without a newline
compiling gy30.c...
compiling oled.c...
compiling main.c...
user\dataStreamName.h(9): warning:  #870-D: invalid multibyte character sequence
user\dataStreamName.h(11): warning:  #870-D: invalid multibyte character sequence
user\dataStreamName.h(12): warning:  #870-D: invalid multibyte character sequence
user\dataStreamName.h(13): warning:  #870-D: invalid multibyte character sequence
user\main.c(303): warning:  #870-D: invalid multibyte character sequence
user\main.c(303): warning:  #870-D: invalid multibyte character sequence
user\main.c(443): warning:  #128-D: loop is not reachable
compiling onenetAPP.c...
compiling FONT.c...
compiling fault.c...
compiling onenet.c...
compiling dStream.c...
compiling http_stream.c...
compiling net_device.c...
compiling net_io.c...
compiling context.c...
compiling generate.c...
compiling generator.c...
compiling gmath.c...
nmea_decode\src\gmath.c(166): warning:  #550-D: variable "tan_sigma" was set but never used
nmea_decode\src\gmath.c(264): warning:  #550-D: variable "tan_sigma1" was set but never used
nmea_decode\src\gmath.c(264): warning:  #550-D: variable "cos_alpha" was set but never used
compiling parse.c...
compiling parser.c...
compiling sentence.c...
compiling time.c...
compiling tok.c...
linking...
Program Size: Code=38940 RO-data=3752 RW-data=340 ZI-data=6852  
FromELF: creating hex file...
".\output\stm32f103.axf" - 0 Errors, 12 Warning(s).
Build target 'STM32F103'
linking...
Program Size: Code=38940 RO-data=3752 RW-data=340 ZI-data=6852  
FromELF: creating hex file...
".\output\stm32f103.axf" - 0 Errors, 0 Warning(s).
Rebuild target 'STM32F103'
compiling core_cm3.c...
compiling stm32f10x_it.c...
compiling system_stm32f10x.c...
assembling startup_stm32f10x_hd.s...
compiling misc.c...
compiling stm32f10x_gpio.c...
compiling stm32f10x_rcc.c...
compiling stm32f10x_tim.c...
compiling stm32f10x_usart.c...
compiling stm32f10x_adc.c...
compiling stm32f10x_dma.c...
compiling at24c02.c...
compiling beep.c...
compiling delay.c...
compiling hwtimer.c...
compiling i2c.c...
compiling info.c...
compiling key.c...
compiling led.c...
compiling selfcheck.c...
compiling usart.c...
hardware\src\usart.c(234): warning:  #177-D: variable "nvicInitStruct" was declared but never referenced
compiling gps_config.c...
compiling lcd1602.c...
hardware\src\lcd1602.c(308): warning:  #1-D: last line of file ends without a newline
compiling gy30.c...
compiling oled.c...
compiling main.c...
user\dataStreamName.h(9): warning:  #870-D: invalid multibyte character sequence
user\dataStreamName.h(11): warning:  #870-D: invalid multibyte character sequence
user\dataStreamName.h(12): warning:  #870-D: invalid multibyte character sequence
user\dataStreamName.h(13): warning:  #870-D: invalid multibyte character sequence
user\main.c(303): warning:  #870-D: invalid multibyte character sequence
user\main.c(303): warning:  #870-D: invalid multibyte character sequence
user\main.c(443): warning:  #128-D: loop is not reachable
compiling onenetAPP.c...
compiling FONT.c...
compiling fault.c...
compiling onenet.c...
compiling dStream.c...
compiling http_stream.c...
compiling net_device.c...
compiling net_io.c...
compiling context.c...
compiling generate.c...
compiling generator.c...
compiling gmath.c...
nmea_decode\src\gmath.c(166): warning:  #550-D: variable "tan_sigma" was set but never used
nmea_decode\src\gmath.c(264): warning:  #550-D: variable "tan_sigma1" was set but never used
nmea_decode\src\gmath.c(264): warning:  #550-D: variable "cos_alpha" was set but never used
compiling parse.c...
compiling parser.c...
compiling sentence.c...
compiling time.c...
compiling tok.c...
linking...
Program Size: Code=38940 RO-data=3752 RW-data=340 ZI-data=6852  
FromELF: creating hex file...
".\output\stm32f103.axf" - 0 Errors, 12 Warning(s).
Build target 'STM32F103'
compiling core_cm3.c...
compiling stm32f10x_it.c...
compiling system_stm32f10x.c...
assembling startup_stm32f10x_hd.s...
compiling misc.c...
compiling stm32f10x_gpio.c...
compiling stm32f10x_rcc.c...
compiling stm32f10x_tim.c...
compiling stm32f10x_usart.c...
compiling stm32f10x_adc.c...
compiling stm32f10x_dma.c...
compiling at24c02.c...
compiling beep.c...
compiling delay.c...
compiling hwtimer.c...
compiling i2c.c...
compiling info.c...
compiling key.c...
compiling led.c...
compiling selfcheck.c...
compiling usart.c...
hardware\src\usart.c(234): warning:  #177-D: variable "nvicInitStruct" was declared but never referenced
compiling gps_config.c...
compiling lcd1602.c...
hardware\src\lcd1602.c(308): warning:  #1-D: last line of file ends without a newline
compiling gy30.c...
compiling oled.c...
compiling main.c...
user\dataStreamName.h(9): warning:  #870-D: invalid multibyte character sequence
user\dataStreamName.h(11): warning:  #870-D: invalid multibyte character sequence
user\dataStreamName.h(12): warning:  #870-D: invalid multibyte character sequence
user\dataStreamName.h(13): warning:  #870-D: invalid multibyte character sequence
user\main.c(218): error:  #20: identifier "dataStream" is undefined
user\main.c(218): error:  #20: identifier "dataStreamCnt" is undefined
user\main.c(303): warning:  #870-D: invalid multibyte character sequence
user\main.c(303): warning:  #870-D: invalid multibyte character sequence
user\main.c(443): warning:  #128-D: loop is not reachable
compiling onenetAPP.c...
compiling FONT.c...
compiling fault.c...
compiling onenet.c...
compiling dStream.c...
compiling http_stream.c...
compiling net_device.c...
compiling net_io.c...
compiling context.c...
compiling generate.c...
compiling generator.c...
compiling gmath.c...
nmea_decode\src\gmath.c(166): warning:  #550-D: variable "tan_sigma" was set but never used
nmea_decode\src\gmath.c(264): warning:  #550-D: variable "tan_sigma1" was set but never used
nmea_decode\src\gmath.c(264): warning:  #550-D: variable "cos_alpha" was set but never used
compiling parse.c...
compiling parser.c...
compiling sentence.c...
compiling time.c...
compiling tok.c...
".\output\stm32f103.axf" - 2 Errors, 12 Warning(s).
Target not created
Build target 'STM32F103'
compiling main.c...
user\dataStreamName.h(9): warning:  #870-D: invalid multibyte character sequence
user\dataStreamName.h(11): warning:  #870-D: invalid multibyte character sequence
user\dataStreamName.h(12): warning:  #870-D: invalid multibyte character sequence
user\dataStreamName.h(13): warning:  #870-D: invalid multibyte character sequence
user\main.c(303): warning:  #870-D: invalid multibyte character sequence
user\main.c(303): warning:  #870-D: invalid multibyte character sequence
user\main.c(443): warning:  #128-D: loop is not reachable
linking...
Program Size: Code=38940 RO-data=3752 RW-data=340 ZI-data=6852  
FromELF: creating hex file...
".\output\stm32f103.axf" - 0 Errors, 7 Warning(s).
Build target 'STM32F103'
linking...
Program Size: Code=38940 RO-data=3752 RW-data=340 ZI-data=6852  
FromELF: creating hex file...
".\output\stm32f103.axf" - 0 Errors, 0 Warning(s).
Rebuild target 'STM32F103'
compiling core_cm3.c...
compiling stm32f10x_it.c...
compiling system_stm32f10x.c...
assembling startup_stm32f10x_hd.s...
compiling misc.c...
compiling stm32f10x_gpio.c...
compiling stm32f10x_rcc.c...
compiling stm32f10x_tim.c...
compiling stm32f10x_usart.c...
compiling stm32f10x_adc.c...
compiling stm32f10x_dma.c...
compiling at24c02.c...
compiling beep.c...
compiling delay.c...
compiling hwtimer.c...
compiling i2c.c...
compiling info.c...
compiling key.c...
compiling led.c...
compiling selfcheck.c...
compiling usart.c...
hardware\src\usart.c(234): warning:  #177-D: variable "nvicInitStruct" was declared but never referenced
compiling gps_config.c...
compiling lcd1602.c...
hardware\src\lcd1602.c(308): warning:  #1-D: last line of file ends without a newline
compiling gy30.c...
compiling oled.c...
compiling main.c...
user\dataStreamName.h(9): warning:  #870-D: invalid multibyte character sequence
user\dataStreamName.h(11): warning:  #870-D: invalid multibyte character sequence
user\dataStreamName.h(12): warning:  #870-D: invalid multibyte character sequence
user\dataStreamName.h(13): warning:  #870-D: invalid multibyte character sequence
user\main.c(303): warning:  #870-D: invalid multibyte character sequence
user\main.c(303): warning:  #870-D: invalid multibyte character sequence
user\main.c(443): warning:  #128-D: loop is not reachable
compiling onenetAPP.c...
compiling FONT.c...
compiling fault.c...
compiling onenet.c...
compiling dStream.c...
compiling http_stream.c...
compiling net_device.c...
compiling net_io.c...
compiling context.c...
compiling generate.c...
compiling generator.c...
compiling gmath.c...
nmea_decode\src\gmath.c(166): warning:  #550-D: variable "tan_sigma" was set but never used
nmea_decode\src\gmath.c(264): warning:  #550-D: variable "tan_sigma1" was set but never used
nmea_decode\src\gmath.c(264): warning:  #550-D: variable "cos_alpha" was set but never used
compiling parse.c...
compiling parser.c...
compiling sentence.c...
compiling time.c...
compiling tok.c...
linking...
Program Size: Code=38940 RO-data=3752 RW-data=340 ZI-data=6852  
FromELF: creating hex file...
".\output\stm32f103.axf" - 0 Errors, 12 Warning(s).
Build target 'STM32F103'
compiling main.c...
user\dataStreamName.h(9): warning:  #870-D: invalid multibyte character sequence
user\dataStreamName.h(11): warning:  #870-D: invalid multibyte character sequence
user\dataStreamName.h(12): warning:  #870-D: invalid multibyte character sequence
user\dataStreamName.h(13): warning:  #870-D: invalid multibyte character sequence
user\main.c(303): warning:  #870-D: invalid multibyte character sequence
user\main.c(303): warning:  #870-D: invalid multibyte character sequence
linking...
Program Size: Code=38940 RO-data=3752 RW-data=340 ZI-data=6852  
FromELF: creating hex file...
".\output\stm32f103.axf" - 0 Errors, 6 Warning(s).
Build target 'STM32F103'
linking...
Program Size: Code=38940 RO-data=3752 RW-data=340 ZI-data=6852  
FromELF: creating hex file...
".\output\stm32f103.axf" - 0 Errors, 0 Warning(s).
Build target 'STM32F103'
linking...
Program Size: Code=38940 RO-data=3752 RW-data=340 ZI-data=6852  
FromELF: creating hex file...
".\output\stm32f103.axf" - 0 Errors, 0 Warning(s).
Build target 'STM32F103'
compiling core_cm3.c...
compiling stm32f10x_it.c...
compiling system_stm32f10x.c...
assembling startup_stm32f10x_hd.s...
compiling misc.c...
compiling stm32f10x_gpio.c...
compiling stm32f10x_rcc.c...
compiling stm32f10x_tim.c...
compiling stm32f10x_usart.c...
compiling stm32f10x_adc.c...
compiling stm32f10x_dma.c...
compiling at24c02.c...
compiling beep.c...
compiling delay.c...
compiling hwtimer.c...
compiling i2c.c...
compiling info.c...
compiling key.c...
compiling led.c...
compiling selfcheck.c...
compiling usart.c...
hardware\src\usart.c(234): warning:  #177-D: variable "nvicInitStruct" was declared but never referenced
compiling gps_config.c...
compiling lcd1602.c...
hardware\src\lcd1602.c(308): warning:  #1-D: last line of file ends without a newline
compiling gy30.c...
compiling oled.c...
compiling main.c...
user\dataStreamName.h(9): warning:  #870-D: invalid multibyte character sequence
user\dataStreamName.h(11): warning:  #870-D: invalid multibyte character sequence
user\dataStreamName.h(12): warning:  #870-D: invalid multibyte character sequence
user\dataStreamName.h(13): warning:  #870-D: invalid multibyte character sequence
user\main.c(303): warning:  #870-D: invalid multibyte character sequence
user\main.c(303): warning:  #870-D: invalid multibyte character sequence
compiling onenetAPP.c...
compiling FONT.c...
compiling fault.c...
compiling onenet.c...
compiling dStream.c...
compiling http_stream.c...
compiling net_device.c...
compiling net_io.c...
compiling context.c...
compiling generate.c...
compiling generator.c...
compiling gmath.c...
nmea_decode\src\gmath.c(166): warning:  #550-D: variable "tan_sigma" was set but never used
nmea_decode\src\gmath.c(264): warning:  #550-D: variable "tan_sigma1" was set but never used
nmea_decode\src\gmath.c(264): warning:  #550-D: variable "cos_alpha" was set but never used
compiling parse.c...
compiling parser.c...
compiling sentence.c...
compiling time.c...
compiling tok.c...
linking...
Program Size: Code=38940 RO-data=3752 RW-data=340 ZI-data=6852  
FromELF: creating hex file...
".\output\stm32f103.axf" - 0 Errors, 11 Warning(s).
Load "H:\\Github\\OneNET_MBH_GPS_HTTP\\output\\stm32f103.axf" 
Erase Done.
Programming Done.
Verify OK.
Application running ...
Build target 'STM32F103'
linking...
Program Size: Code=38940 RO-data=3752 RW-data=340 ZI-data=6852  
FromELF: creating hex file...
".\output\stm32f103.axf" - 0 Errors, 0 Warning(s).
