ARM Linker, 5.03 [Build 76] [MDK-ARM Standard]

==============================================================================

Section Cross References

    stm32f10x_it.o(.text) refers to usart.o(.text) for UsartPrintf
    stm32f10x_it.o(.text) refers to gps_config.o(.text) for GPS_ProcessDMAIRQ
    system_stm32f10x.o(.text) refers to system_stm32f10x.o(.data) for SystemCoreClock
    startup_stm32f10x_hd.o(STACK) refers (Special) to heapauxi.o(.text) for __use_two_region_memory
    startup_stm32f10x_hd.o(HEAP) refers (Special) to heapauxi.o(.text) for __use_two_region_memory
    startup_stm32f10x_hd.o(RESET) refers (Special) to heapauxi.o(.text) for __use_two_region_memory
    startup_stm32f10x_hd.o(RESET) refers to startup_stm32f10x_hd.o(STACK) for __initial_sp
    startup_stm32f10x_hd.o(RESET) refers to startup_stm32f10x_hd.o(.text) for Reset_Handler
    startup_stm32f10x_hd.o(RESET) refers to stm32f10x_it.o(.text) for NMI_Handler
    startup_stm32f10x_hd.o(RESET) refers to usart.o(.text) for DMA1_Channel4_IRQHandler
    startup_stm32f10x_hd.o(RESET) refers to net_io.o(.text) for USART2_IRQHandler
    startup_stm32f10x_hd.o(RESET) refers to hwtimer.o(.text) for TIM6_IRQHandler
    startup_stm32f10x_hd.o(.text) refers (Special) to heapauxi.o(.text) for __use_two_region_memory
    startup_stm32f10x_hd.o(.text) refers to system_stm32f10x.o(.text) for SystemInit
    startup_stm32f10x_hd.o(.text) refers to __main.o(!!!main) for __main
    startup_stm32f10x_hd.o(.text) refers to startup_stm32f10x_hd.o(HEAP) for Heap_Mem
    startup_stm32f10x_hd.o(.text) refers to startup_stm32f10x_hd.o(STACK) for Stack_Mem
    stm32f10x_gpio.o(.text) refers to stm32f10x_rcc.o(.text) for RCC_APB2PeriphResetCmd
    stm32f10x_rcc.o(.text) refers to stm32f10x_rcc.o(.data) for APBAHBPrescTable
    stm32f10x_tim.o(.text) refers to stm32f10x_rcc.o(.text) for RCC_APB2PeriphResetCmd
    stm32f10x_usart.o(.text) refers to stm32f10x_rcc.o(.text) for RCC_APB2PeriphResetCmd
    stm32f10x_adc.o(.text) refers to stm32f10x_rcc.o(.text) for RCC_APB2PeriphResetCmd
    at24c02.o(.text) refers to i2c.o(.text) for I2C_WriteByte
    at24c02.o(.text) refers to delay.o(.text) for DelayXms
    beep.o(.text) refers to stm32f10x_gpio.o(.text) for GPIO_WriteBit
    beep.o(.text) refers to stm32f10x_rcc.o(.text) for RCC_APB2PeriphClockCmd
    beep.o(.text) refers to beep.o(.data) for beepInfo
    delay.o(.text) refers to delay.o(.data) for UsCount
    hwtimer.o(.text) refers to stm32f10x_rcc.o(.text) for RCC_APB2PeriphClockCmd
    hwtimer.o(.text) refers to stm32f10x_gpio.o(.text) for GPIO_Init
    hwtimer.o(.text) refers to stm32f10x_tim.o(.text) for TIM_TimeBaseInit
    hwtimer.o(.text) refers to misc.o(.text) for NVIC_Init
    hwtimer.o(.text) refers to net_device.o(.text) for NET_DEVICE_ReConfig
    hwtimer.o(.text) refers to hwtimer.o(.data) for timInfo
    hwtimer.o(.text) refers to onenet.o(.data) for oneNetInfo
    hwtimer.o(.text) refers to selfcheck.o(.data) for checkInfo
    i2c.o(.text) refers to stm32f10x_rcc.o(.text) for RCC_APB2PeriphClockCmd
    i2c.o(.text) refers to stm32f10x_gpio.o(.text) for GPIO_Init
    i2c.o(.text) refers to delay.o(.text) for DelayUs
    i2c.o(.text) refers to usart.o(.text) for UsartPrintf
    i2c.o(.text) refers to i2c.o(.data) for iicInfo
    info.o(.text) refers to at24c02.o(.text) for AT24C02_ReadByte
    info.o(.text) refers to strstr.o(.text) for strstr
    info.o(.text) refers to rt_memclr_w.o(.text) for __aeabi_memclr4
    info.o(.text) refers to delay.o(.text) for DelayXms
    info.o(.text) refers to rt_memclr.o(.text) for __aeabi_memclr
    info.o(.text) refers to strncpy.o(.text) for strncpy
    info.o(.text) refers to usart.o(.text) for UsartPrintf
    info.o(.text) refers to strlen.o(.text) for strlen
    info.o(.text) refers to time.o(.text) for nmea_time_now
    info.o(.text) refers to onenet.o(.data) for oneNetInfo
    key.o(.text) refers to stm32f10x_rcc.o(.text) for RCC_APB2PeriphClockCmd
    key.o(.text) refers to stm32f10x_gpio.o(.text) for GPIO_Init
    key.o(.text) refers to key.o(.data) for keyStatus
    led.o(.text) refers to stm32f10x_gpio.o(.text) for GPIO_WriteBit
    led.o(.text) refers to stm32f10x_rcc.o(.text) for RCC_APB2PeriphClockCmd
    led.o(.text) refers to led.o(.data) for ledStatus
    selfcheck.o(.text) refers to i2c.o(.text) for I2C_ReadByte
    selfcheck.o(.text) refers to usart.o(.text) for UsartPrintf
    selfcheck.o(.text) refers to delay.o(.text) for DelayXms
    selfcheck.o(.text) refers to selfcheck.o(.data) for checkInfo
    usart.o(.text) refers to stm32f10x_dma.o(.text) for DMA_Cmd
    usart.o(.text) refers to stm32f10x_rcc.o(.text) for RCC_AHBPeriphClockCmd
    usart.o(.text) refers to stm32f10x_gpio.o(.text) for GPIO_Init
    usart.o(.text) refers to stm32f10x_usart.o(.text) for USART_Init
    usart.o(.text) refers to misc.o(.text) for NVIC_Init
    usart.o(.text) refers to rt_memclr.o(.text) for __aeabi_memclr
[...]
    GPIO_AFIODeInit                          0x080007a1   Thumb Code    20  stm32f10x_gpio.o(.text)
    GPIO_Init                                0x080007b5   Thumb Code   274  stm32f10x_gpio.o(.text)
    GPIO_StructInit                          0x080008c7   Thumb Code    16  stm32f10x_gpio.o(.text)
    GPIO_ReadInputDataBit                    0x080008d7   Thumb Code    18  stm32f10x_gpio.o(.text)
    GPIO_ReadInputData                       0x080008e9   Thumb Code     8  stm32f10x_gpio.o(.text)
    GPIO_ReadOutputDataBit                   0x080008f1   Thumb Code    18  stm32f10x_gpio.o(.text)
    GPIO_ReadOutputData                      0x08000903   Thumb Code     8  stm32f10x_gpio.o(.text)
    GPIO_SetBits                             0x0800090b   Thumb Code     4  stm32f10x_gpio.o(.text)
    GPIO_ResetBits                           0x0800090f   Thumb Code     4  stm32f10x_gpio.o(.text)
    GPIO_WriteBit                            0x08000913   Thumb Code    10  stm32f10x_gpio.o(.text)
    GPIO_Write                               0x0800091d   Thumb Code     4  stm32f10x_gpio.o(.text)
    GPIO_PinLockConfig                       0x08000921   Thumb Code    18  stm32f10x_gpio.o(.text)
    GPIO_EventOutputConfig                   0x08000933   Thumb Code    26  stm32f10x_gpio.o(.text)
    GPIO_EventOutputCmd                      0x0800094d   Thumb Code     6  stm32f10x_gpio.o(.text)
    GPIO_PinRemapConfig                      0x08000953   Thumb Code   138  stm32f10x_gpio.o(.text)
    GPIO_EXTILineConfig                      0x080009dd   Thumb Code    66  stm32f10x_gpio.o(.text)
    GPIO_ETH_MediaInterfaceConfig            0x08000a1f   Thumb Code     6  stm32f10x_gpio.o(.text)
    RCC_DeInit                               0x08000a4d   Thumb Code    64  stm32f10x_rcc.o(.text)
    RCC_HSEConfig                            0x08000a8d   Thumb Code    70  stm32f10x_rcc.o(.text)
    RCC_GetFlagStatus                        0x08000ad3   Thumb Code    56  stm32f10x_rcc.o(.text)
    RCC_WaitForHSEStartUp                    0x08000b0b   Thumb Code    56  stm32f10x_rcc.o(.text)
    RCC_AdjustHSICalibrationValue            0x08000b43   Thumb Code    20  stm32f10x_rcc.o(.text)
    RCC_HSICmd                               0x08000b57   Thumb Code     6  stm32f10x_rcc.o(.text)
    RCC_PLLConfig                            0x08000b5d   Thumb Code    24  stm32f10x_rcc.o(.text)
    RCC_PLLCmd                               0x08000b75   Thumb Code     6  stm32f10x_rcc.o(.text)
    RCC_SYSCLKConfig                         0x08000b7b   Thumb Code    18  stm32f10x_rcc.o(.text)
    RCC_GetSYSCLKSource                      0x08000b8d   Thumb Code    10  stm32f10x_rcc.o(.text)
    RCC_HCLKConfig                           0x08000b97   Thumb Code    18  stm32f10x_rcc.o(.text)
    RCC_PCLK1Config                          0x08000ba9   Thumb Code    18  stm32f10x_rcc.o(.text)
    RCC_PCLK2Config                          0x08000bbb   Thumb Code    20  stm32f10x_rcc.o(.text)
    RCC_ITConfig                             0x08000bcf   Thumb Code    26  stm32f10x_rcc.o(.text)
    RCC_USBCLKConfig                         0x08000be9   Thumb Code     6  stm32f10x_rcc.o(.text)
    RCC_ADCCLKConfig                         0x08000bef   Thumb Code    18  stm32f10x_rcc.o(.text)
    RCC_LSEConfig                            0x08000c01   Thumb Code    44  stm32f10x_rcc.o(.text)
    RCC_LSICmd                               0x08000c2d   Thumb Code     6  stm32f10x_rcc.o(.text)
    RCC_RTCCLKConfig                         0x08000c33   Thumb Code    12  stm32f10x_rcc.o(.text)
    RCC_RTCCLKCmd                            0x08000c3f   Thumb Code     8  stm32f10x_rcc.o(.text)
    RCC_GetClocksFreq                        0x08000c47   Thumb Code   192  stm32f10x_rcc.o(.text)
    RCC_AHBPeriphClockCmd                    0x08000d07   Thumb Code    26  stm32f10x_rcc.o(.text)
    RCC_APB2PeriphClockCmd                   0x08000d21   Thumb Code    26  stm32f10x_rcc.o(.text)
    RCC_APB1PeriphClockCmd                   0x08000d3b   Thumb Code    26  stm32f10x_rcc.o(.text)
    RCC_APB2PeriphResetCmd                   0x08000d55   Thumb Code    26  stm32f10x_rcc.o(.text)
    RCC_APB1PeriphResetCmd                   0x08000d6f   Thumb Code    26  stm32f10x_rcc.o(.text)
    RCC_BackupResetCmd                       0x08000d89   Thumb Code     8  stm32f10x_rcc.o(.text)
    RCC_ClockSecuritySystemCmd               0x08000d91   Thumb Code     6  stm32f10x_rcc.o(.text)
    RCC_MCOConfig                            0x08000d97   Thumb Code     6  stm32f10x_rcc.o(.text)
    RCC_ClearFlag                            0x08000d9d   Thumb Code    14  stm32f10x_rcc.o(.text)
    RCC_GetITStatus                          0x08000dab   Thumb Code    20  stm32f10x_rcc.o(.text)
    RCC_ClearITPendingBit                    0x08000dbf   Thumb Code     6  stm32f10x_rcc.o(.text)
    TIM_DeInit                               0x08000df1   Thumb Code   424  stm32f10x_tim.o(.text)
    TIM_TimeBaseInit                         0x08000f99   Thumb Code   122  stm32f10x_tim.o(.text)
    TIM_OC1Init                              0x08001013   Thumb Code   132  stm32f10x_tim.o(.text)
    TIM_OC2Init                              0x08001097   Thumb Code   154  stm32f10x_tim.o(.text)
    TIM_OC3Init                              0x08001131   Thumb Code   150  stm32f10x_tim.o(.text)
    TIM_OC4Init                              0x080011c7   Thumb Code   182  stm32f10x_tim.o(.text)
    TIM_SetIC4Prescaler                      0x0800127d   Thumb Code    26  stm32f10x_tim.o(.text)
    TIM_SetIC3Prescaler                      0x08001319   Thumb Code    18  stm32f10x_tim.o(.text)
    TIM_SetIC2Prescaler                      0x080013a5   Thumb Code    26  stm32f10x_tim.o(.text)
    TIM_SetIC1Prescaler                      0x08001441   Thumb Code    18  stm32f10x_tim.o(.text)
    TIM_ICInit                               0x080014bf   Thumb Code   150  stm32f10x_tim.o(.text)
    TIM_PWMIConfig                           0x08001555   Thumb Code   124  stm32f10x_tim.o(.text)
    TIM_BDTRConfig                           0x080015d1   Thumb Code    32  stm32f10x_tim.o(.text)
    TIM_TimeBaseStructInit                   0x080015f1   Thumb Code    18  stm32f10x_tim.o(.text)
    TIM_OCStructInit                         0x08001603   Thumb Code    20  stm32f10x_tim.o(.text)
    TIM_ICStructInit                         0x08001617   Thumb Code    18  stm32f10x_tim.o(.text)
    TIM_BDTRStructInit                       0x08001629   Thumb Code    40  stm32f10x_tim.o(.text)
    TIM_Cmd                                  0x08001651   Thumb Code    24  stm32f10x_tim.o(.text)
    TIM_CtrlPWMOutputs                       0x08001669   Thumb Code    30  stm32f10x_tim.o(.text)
    TIM_ITConfig                             0x08001687   Thumb Code    18  stm32f10x_tim.o(.text)
    TIM_GenerateEvent                        0x08001699   Thumb Code     4  stm32f10x_tim.o(.text)
    TIM_DMAConfig                            0x0800169d   Thumb Code    10  stm32f10x_tim.o(.text)
    TIM_DMACmd                               0x080016a7   Thumb Code    18  stm32f10x_tim.o(.text)
    TIM_InternalClockConfig                  0x080016b9   Thumb Code    12  stm32f10x_tim.o(.text)
    TIM_SelectInputTrigger                   0x080016c5   Thumb Code    18  stm32f10x_tim.o(.text)
    TIM_ITRxExternalClockConfig              0x080016d7   Thumb Code    24  stm32f10x_tim.o(.text)
    TIM_TIxExternalClockConfig               0x080016ef   Thumb Code    62  stm32f10x_tim.o(.text)
    TIM_ETRConfig                            0x0800172d   Thumb Code    28  stm32f10x_tim.o(.text)
    TIM_ETRClockMode1Config                  0x08001749   Thumb Code    54  stm32f10x_tim.o(.text)
    TIM_ETRClockMode2Config                  0x0800177f   Thumb Code    32  stm32f10x_tim.o(.text)
    TIM_PrescalerConfig                      0x0800179f   Thumb Code     6  stm32f10x_tim.o(.text)
    TIM_CounterModeConfig                    0x080017a5   Thumb Code    18  stm32f10x_tim.o(.text)
    TIM_EncoderInterfaceConfig               0x080017b7   Thumb Code    66  stm32f10x_tim.o(.text)
    TIM_ForcedOC1Config                      0x080017f9   Thumb Code    18  stm32f10x_tim.o(.text)
    TIM_ForcedOC2Config                      0x0800180b   Thumb Code    26  stm32f10x_tim.o(.text)
    TIM_ForcedOC3Config                      0x08001825   Thumb Code    18  stm32f10x_tim.o(.text)
    TIM_ForcedOC4Config                      0x08001837   Thumb Code    26  stm32f10x_tim.o(.text)
    TIM_ARRPreloadConfig                     0x08001851   Thumb Code    24  stm32f10x_tim.o(.text)
    TIM_SelectCOM                            0x08001869   Thumb Code    24  stm32f10x_tim.o(.text)
    TIM_SelectCCDMA                          0x08001881   Thumb Code    24  stm32f10x_tim.o(.text)
    TIM_CCPreloadControl                     0x08001899   Thumb Code    24  stm32f10x_tim.o(.text)
    TIM_OC1PreloadConfig                     0x080018b1   Thumb Code    18  stm32f10x_tim.o(.text)
    TIM_OC2PreloadConfig                     0x080018c3   Thumb Code    26  stm32f10x_tim.o(.text)
    TIM_OC3PreloadConfig                     0x080018dd   Thumb Code    18  stm32f10x_tim.o(.text)
    TIM_OC4PreloadConfig                     0x080018ef   Thumb Code    26  stm32f10x_tim.o(.text)
    TIM_OC1FastConfig                        0x08001909   Thumb Code    18  stm32f10x_tim.o(.text)
    TIM_OC2FastConfig                        0x0800191b   Thumb Code    26  stm32f10x_tim.o(.text)
    TIM_OC3FastConfig                        0x08001935   Thumb Code    18  stm32f10x_tim.o(.text)
    TIM_OC4FastConfig                        0x08001947   Thumb Code    26  stm32f10x_tim.o(.text)
    TIM_ClearOC1Ref                          0x08001961   Thumb Code    18  stm32f10x_tim.o(.text)
    TIM_ClearOC2Ref                          0x08001973   Thumb Code    24  stm32f10x_tim.o(.text)
    TIM_ClearOC3Ref                          0x0800198b   Thumb Code    18  stm32f10x_tim.o(.text)
    TIM_ClearOC4Ref                          0x0800199d   Thumb Code    24  stm32f10x_tim.o(.text)
    TIM_OC1PolarityConfig                    0x080019b5   Thumb Code    18  stm32f10x_tim.o(.text)
    TIM_OC1NPolarityConfig                   0x080019c7   Thumb Code    18  stm32f10x_tim.o(.text)
    TIM_OC2PolarityConfig                    0x080019d9   Thumb Code    26  stm32f10x_tim.o(.text)
    TIM_OC2NPolarityConfig                   0x080019f3   Thumb Code    26  stm32f10x_tim.o(.text)
    TIM_OC3PolarityConfig                    0x08001a0d   Thumb Code    26  stm32f10x_tim.o(.text)
    TIM_OC3NPolarityConfig                   0x08001a27   Thumb Code    26  stm32f10x_tim.o(.text)
    TIM_OC4PolarityConfig                    0x08001a41   Thumb Code    26  stm32f10x_tim.o(.text)
    TIM_CCxCmd                               0x08001a5b   Thumb Code    30  stm32f10x_tim.o(.text)
    TIM_CCxNCmd                              0x08001a79   Thumb Code    30  stm32f10x_tim.o(.text)
    TIM_SelectOCxM                           0x08001a97   Thumb Code    82  stm32f10x_tim.o(.text)
    TIM_UpdateDisableConfig                  0x08001ae9   Thumb Code    24  stm32f10x_tim.o(.text)
    TIM_UpdateRequestConfig                  0x08001b01   Thumb Code    24  stm32f10x_tim.o(.text)
    TIM_SelectHallSensor                     0x08001b19   Thumb Code    24  stm32f10x_tim.o(.text)
    TIM_SelectOnePulseMode                   0x08001b31   Thumb Code    18  stm32f10x_tim.o(.text)
    TIM_SelectOutputTrigger                  0x08001b43   Thumb Code    18  stm32f10x_tim.o(.text)
    TIM_SelectSlaveMode                      0x08001b55   Thumb Code    18  stm32f10x_tim.o(.text)
    TIM_SelectMasterSlaveMode                0x08001b67   Thumb Code    18  stm32f10x_tim.o(.text)
    TIM_SetCounter                           0x08001b79   Thumb Code     4  stm32f10x_tim.o(.text)
    TIM_SetAutoreload                        0x08001b7d   Thumb Code     4  stm32f10x_tim.o(.text)
    TIM_SetCompare1                          0x08001b81   Thumb Code     4  stm32f10x_tim.o(.text)
    TIM_SetCompare2                          0x08001b85   Thumb Code     4  stm32f10x_tim.o(.text)
    TIM_SetCompare3                          0x08001b89   Thumb Code     4  stm32f10x_tim.o(.text)
    TIM_SetCompare4                          0x08001b8d   Thumb Code     6  stm32f10x_tim.o(.text)
    TIM_SetClockDivision                     0x08001b93   Thumb Code    18  stm32f10x_tim.o(.text)
    TIM_GetCapture1                          0x08001ba5   Thumb Code     6  stm32f10x_tim.o(.text)
    TIM_GetCapture2                          0x08001bab   Thumb Code     6  stm32f10x_tim.o(.text)
    TIM_GetCapture3                          0x08001bb1   Thumb Code     6  stm32f10x_tim.o(.text)
    TIM_GetCapture4                          0x08001bb7   Thumb Code     8  stm32f10x_tim.o(.text)
    TIM_GetCounter                           0x08001bbf   Thumb Code     6  stm32f10x_tim.o(.text)
    TIM_GetPrescaler                         0x08001bc5   Thumb Code     6  stm32f10x_tim.o(.text)
    TIM_GetFlagStatus                        0x08001bcb   Thumb Code    18  stm32f10x_tim.o(.text)
    TIM_ClearFlag                            0x08001bdd   Thumb Code     6  stm32f10x_tim.o(.text)
    TIM_GetITStatus                          0x08001be3   Thumb Code    34  stm32f10x_tim.o(.text)
    TIM_ClearITPendingBit                    0x08001c05   Thumb Code     6  stm32f10x_tim.o(.text)
    USART_DeInit                             0x08001c0d   Thumb Code   134  stm32f10x_usart.o(.text)
    USART_Init                               0x08001c93   Thumb Code   210  stm32f10x_usart.o(.text)
    USART_StructInit                         0x08001d65   Thumb Code    24  stm32f10x_usart.o(.text)
    USART_ClockInit                          0x08001d7d   Thumb Code    34  stm32f10x_usart.o(.text)
    USART_ClockStructInit                    0x08001d9f   Thumb Code    12  stm32f10x_usart.o(.text)
    USART_Cmd                                0x08001dab   Thumb Code    24  stm32f10x_usart.o(.text)
    USART_ITConfig                           0x08001dc3   Thumb Code    74  stm32f10x_usart.o(.text)
    USART_DMACmd                             0x08001e0d   Thumb Code    18  stm32f10x_usart.o(.text)
    USART_SetAddress                         0x08001e1f   Thumb Code    18  stm32f10x_usart.o(.text)
    USART_WakeUpConfig                       0x08001e31   Thumb Code    18  stm32f10x_usart.o(.text)
    USART_ReceiverWakeUpCmd                  0x08001e43   Thumb Code    24  stm32f10x_usart.o(.text)
    USART_LINBreakDetectLengthConfig         0x08001e5b   Thumb Code    18  stm32f10x_usart.o(.text)
    USART_LINCmd                             0x08001e6d   Thumb Code    24  stm32f10x_usart.o(.text)
    USART_SendData                           0x08001e85   Thumb Code     8  stm32f10x_usart.o(.text)
    USART_ReceiveData                        0x08001e8d   Thumb Code    10  stm32f10x_usart.o(.text)
    USART_SendBreak                          0x08001e97   Thumb Code    10  stm32f10x_usart.o(.text)
    USART_SetGuardTime                       0x08001ea1   Thumb Code    16  stm32f10x_usart.o(.text)
    USART_SetPrescaler                       0x08001eb1   Thumb Code    16  stm32f10x_usart.o(.text)
    USART_SmartCardCmd                       0x08001ec1   Thumb Code    24  stm32f10x_usart.o(.text)
    USART_SmartCardNACKCmd                   0x08001ed9   Thumb Code    24  stm32f10x_usart.o(.text)
    USART_HalfDuplexCmd                      0x08001ef1   Thumb Code    24  stm32f10x_usart.o(.text)
    USART_OverSampling8Cmd                   0x08001f09   Thumb Code    22  stm32f10x_usart.o(.text)
    USART_OneBitMethodCmd                    0x08001f1f   Thumb Code    24  stm32f10x_usart.o(.text)
    USART_IrDAConfig                         0x08001f37   Thumb Code    18  stm32f10x_usart.o(.text)
    USART_IrDACmd                            0x08001f49   Thumb Code    24  stm32f10x_usart.o(.text)
    USART_GetFlagStatus                      0x08001f61   Thumb Code    26  stm32f10x_usart.o(.text)
    USART_ClearFlag                          0x08001f7b   Thumb Code    18  stm32f10x_usart.o(.text)
    USART_GetITStatus                        0x08001f8d   Thumb Code    84  stm32f10x_usart.o(.text)
    USART_ClearITPendingBit                  0x08001fe1   Thumb Code    52  stm32f10x_usart.o(.text)
    DMA_DeInit                               0x08002015   Thumb Code   324  stm32f10x_dma.o(.text)
    DMA_Init                                 0x08002159   Thumb Code    60  stm32f10x_dma.o(.text)
    DMA_StructInit                           0x08002195   Thumb Code    26  stm32f10x_dma.o(.text)
    DMA_Cmd                                  0x080021af   Thumb Code    24  stm32f10x_dma.o(.text)
    DMA_ITConfig                             0x080021c7   Thumb Code    18  stm32f10x_dma.o(.text)
    DMA_SetCurrDataCounter                   0x080021d9   Thumb Code     4  stm32f10x_dma.o(.text)
    DMA_GetCurrDataCounter                   0x080021dd   Thumb Code     8  stm32f10x_dma.o(.text)
    DMA_GetFlagStatus                        0x080021e5   Thumb Code    38  stm32f10x_dma.o(.text)
    DMA_ClearFlag                            0x0800220b   Thumb Code    22  stm32f10x_dma.o(.text)
    DMA_GetITStatus                          0x08002221   Thumb Code    38  stm32f10x_dma.o(.text)
    DMA_ClearITPendingBit                    0x08002247   Thumb Code    22  stm32f10x_dma.o(.text)
    AT24C02_WriteByte                        0x08002265   Thumb Code    16  at24c02.o(.text)
    AT24C02_WriteBytes                       0x08002275   Thumb Code    48  at24c02.o(.text)
    AT24C02_ReadByte                         0x080022a5   Thumb Code    18  at24c02.o(.text)
    AT24C02_ReadBytes                        0x080022b7   Thumb Code    22  at24c02.o(.text)
    AT24C02_Clear                            0x080022cd   Thumb Code    54  at24c02.o(.text)
    Beep_Set                                 0x08002305   Thumb Code    22  beep.o(.text)
    Beep_Init                                0x0800231b   Thumb Code    44  beep.o(.text)
    Delay_Init                               0x08002351   Thumb Code    48  delay.o(.text)
    DelayUs                                  0x08002381   Thumb Code    58  delay.o(.text)
    DelayXms                                 0x080023bb   Thumb Code    64  delay.o(.text)
    DelayMs                                  0x080023fb   Thumb Code    60  delay.o(.text)
    Timer1_8_Init                            0x08002441   Thumb Code   178  hwtimer.o(.text)
    Timer6_7_Init                            0x080024f3   Thumb Code   106  hwtimer.o(.text)
    TIM6_IRQHandler                          0x0800255d   Thumb Code    44  hwtimer.o(.text)
    TIM7_IRQHandler                          0x08002589   Thumb Code    94  hwtimer.o(.text)
    IIC_SpeedCtl                             0x08002609   Thumb Code     6  i2c.o(.text)
    IIC_Init                                 0x0800260f   Thumb Code    60  i2c.o(.text)
    IIC_Start                                0x0800264b   Thumb Code    52  i2c.o(.text)
    IIC_Stop                                 0x0800267f   Thumb Code    52  i2c.o(.text)
    IIC_WaitAck                              0x080026b3   Thumb Code    92  i2c.o(.text)
    IIC_Ack                                  0x0800270f   Thumb Code    52  i2c.o(.text)
    IIC_NAck                                 0x08002743   Thumb Code    52  i2c.o(.text)
    IIC_SendByte                             0x08002777   Thumb Code    86  i2c.o(.text)
    IIC_RecvByte                             0x080027cd   Thumb Code    78  i2c.o(.text)
    I2C_WriteByte                            0x0800281b   Thumb Code    92  i2c.o(.text)
    I2C_ReadByte                             0x08002877   Thumb Code   106  i2c.o(.text)
    I2C_WriteBytes                           0x080028e1   Thumb Code   116  i2c.o(.text)
    I2C_ReadBytes                            0x08002955   Thumb Code   136  i2c.o(.text)
    Info_Check                               0x080029fd   Thumb Code    62  info.o(.text)
    Info_WifiLen                             0x08002a3b   Thumb Code    80  info.o(.text)
    Info_CountLen                            0x08002a8b   Thumb Code    38  info.o(.text)
    Info_Read                                0x08002ab1   Thumb Code    68  info.o(.text)
    Info_Alter                               0x08002af5   Thumb Code   224  info.o(.text)
    nmea_zero_INFO                           0x08002bd5   Thumb Code    30  info.o(.text)
    Key_Init                                 0x08002c41   Thumb Code    56  key.o(.text)
    KeyScan                                  0x08002c79   Thumb Code    54  key.o(.text)
    Keyboard                                 0x08002caf   Thumb Code   286  key.o(.text)
    Led7_Set                                 0x08002dd9   Thumb Code    40  led.o(.text)
    Led6_Set                                 0x08002e01   Thumb Code    40  led.o(.text)
    Led5_Set                                 0x08002e29   Thumb Code    40  led.o(.text)
    Led4_Set                                 0x08002e51   Thumb Code    40  led.o(.text)
    Led_Init                                 0x08002e79   Thumb Code    80  led.o(.text)
    Check_PowerOn                            0x08002ed5   Thumb Code   168  selfcheck.o(.text)
    USARTx_ResetMemoryBaseAddr               0x08002fe5   Thumb Code    84  usart.o(.text)
    Usart1_Init                              0x08003039   Thumb Code   250  usart.o(.text)
    Usart2_Init                              0x08003133   Thumb Code   246  usart.o(.text)
    Usart3_Init                              0x08003229   Thumb Code   136  usart.o(.text)
    Usart_SendString                         0x080032b1   Thumb Code    84  usart.o(.text)
    UsartPrintf                              0x08003305   Thumb Code   118  usart.o(.text)
    DMA1_Channel4_IRQHandler                 0x0800337b   Thumb Code    22  usart.o(.text)
    DMA1_Channel7_IRQHandler                 0x08003391   Thumb Code    22  usart.o(.text)
    USART1_IRQHandler                        0x080033a7   Thumb Code   122  usart.o(.text)
    GPS_ProcessDMAIRQ                        0x08003447   Thumb Code    50  gps_config.o(.text)
    error                                    0x080034df   Thumb Code     2  gps_config.o(.text)
    trace                                    0x080034e1   Thumb Code     2  gps_config.o(.text)
    GPS_Config                               0x080034e3   Thumb Code    48  gps_config.o(.text)
    GMTconvert                               0x08003545   Thumb Code   356  gps_config.o(.text)
    nmea_decode_test                         0x080036a9   Thumb Code   266  gps_config.o(.text)
    Lcd1602_SendByte                         0x080037ed   Thumb Code    38  lcd1602.o(.text)
    Lcd1602_WriteCom                         0x08003813   Thumb Code    64  lcd1602.o(.text)
    Lcd1602_WriteCom_Busy                    0x08003853   Thumb Code    70  lcd1602.o(.text)
    Lcd1602_WriteData                        0x08003899   Thumb Code    64  lcd1602.o(.text)
    Lcd1602_Init                             0x080038d9   Thumb Code   130  lcd1602.o(.text)
    Lcd1602_DisString                        0x0800395b   Thumb Code    96  lcd1602.o(.text)
    Lcd1602_Clear                            0x080039bb   Thumb Code    50  lcd1602.o(.text)
    Hardware_Init                            0x08003a09   Thumb Code   178  main.o(.text)
    main                                     0x08003abb   Thumb Code   750  main.o(.text)
    OneNet_App                               0x08003f05   Thumb Code   140  onenetapp.o(.text)
    Fault_Process                            0x08003fe9   Thumb Code   170  fault.o(.text)
    OneNet_SendData                          0x080040fd   Thumb Code   136  onenet.o(.text)
    OneNet_Status                            0x08004185   Thumb Code   154  onenet.o(.text)
    OneNet_FillBuf                           0x0800421f   Thumb Code   114  onenet.o(.text)
    OneNet_SendGPS                           0x08004291   Thumb Code   122  onenet.o(.text)
    DSTREAM_toString                         0x0800436d   Thumb Code   396  dstream.o(.text)
    DSTREAM_GetDataStream_Body               0x080044f9   Thumb Code   880  dstream.o(.text)
    DSTREAM_GetDataStream_Body_Measure       0x08004869   Thumb Code   386  dstream.o(.text)
    HTTP_LoadDataStream                      0x080049ed   Thumb Code   208  http_stream.o(.text)
    HTTP_LoadDataStream_HardWareHTTP         0x08004abd   Thumb Code    50  http_stream.o(.text)
    HTTP_LoadDataStream_Measure              0x08004aef   Thumb Code   136  http_stream.o(.text)
    NET_DEVICE_IO_Init                       0x08004c19   Thumb Code    54  net_device.o(.text)
    NET_DEVICE_Reset                         0x08004c4f   Thumb Code    46  net_device.o(.text)
    NET_DEVICE_ClrData                       0x08004c7d   Thumb Code     8  net_device.o(.text)
    NET_DEVICE_SendCmd                       0x08004c85   Thumb Code    80  net_device.o(.text)
    NET_DEVICE_Exist                         0x08004cd5   Thumb Code   232  net_device.o(.text)
    NET_DEVICE_Init                          0x08004dbd   Thumb Code   198  net_device.o(.text)
    NET_DEVICE_ReLink                        0x08004e83   Thumb Code   112  net_device.o(.text)
    NET_DEVICE_SendData                      0x08004ef3   Thumb Code    52  net_device.o(.text)
    NET_DEVICE_GetIPD                        0x08004f27   Thumb Code   140  net_device.o(.text)
    NET_DEVICE_Check                         0x08004fb3   Thumb Code   588  net_device.o(.text)
    NET_DEVICE_ReConfig                      0x080051ff   Thumb Code    14  net_device.o(.text)
    NET_DEVICE_Set_DataMode                  0x0800520d   Thumb Code    14  net_device.o(.text)
    NET_DEVICE_Get_DataMode                  0x0800521b   Thumb Code    10  net_device.o(.text)
    NET_IO_ClearRecive                       0x08005279   Thumb Code    22  net_io.o(.text)
    NET_IO_Init                              0x0800528f   Thumb Code    16  net_io.o(.text)
    NET_IO_Send                              0x0800529f   Thumb Code    42  net_io.o(.text)
    NET_IO_WaitRecive                        0x080052c9   Thumb Code    42  net_io.o(.text)
    USART2_IRQHandler                        0x080052f3   Thumb Code    62  net_io.o(.text)
    nmea_property                            0x08005339   Thumb Code     4  context.o(.text)
    nmea_trace                               0x0800533d   Thumb Code    70  context.o(.text)
    nmea_trace_buff                          0x08005383   Thumb Code    24  context.o(.text)
    nmea_error                               0x0800539b   Thumb Code    70  context.o(.text)
    _nmea_parse_time                         0x080053e5   Thumb Code   132  parse.o(.text)
    nmea_pack_type                           0x08005469   Thumb Code   108  parse.o(.text)
    nmea_find_tail                           0x080054d5   Thumb Code   130  parse.o(.text)
    nmea_parse_GPGGA                         0x08005557   Thumb Code   148  parse.o(.text)
    nmea_parse_GPGSA                         0x080055eb   Thumb Code   128  parse.o(.text)
    nmea_parse_GPGSV                         0x0800566b   Thumb Code   174  parse.o(.text)
    nmea_parse_GPRMC                         0x08005719   Thumb Code   172  parse.o(.text)
    nmea_parse_GPVTG                         0x080057c5   Thumb Code   498  parse.o(.text)
    nmea_GPGGA2info                          0x080059b7   Thumb Code    98  parse.o(.text)
    nmea_GPGSA2info                          0x08005a19   Thumb Code   118  parse.o(.text)
    nmea_GPGSV2info                          0x08005a8f   Thumb Code   198  parse.o(.text)
    nmea_GPRMC2info                          0x08005b55   Thumb Code   148  parse.o(.text)
    nmea_GPVTG2info                          0x08005be9   Thumb Code    34  parse.o(.text)
    nmea_parser_init                         0x08005c6d   Thumb Code    54  parser.o(.text)
    nmea_parser_drop                         0x08005ca3   Thumb Code    44  parser.o(.text)
    nmea_parser_queue_clear                  0x08005ccf   Thumb Code    22  parser.o(.text)
    nmea_parser_destroy                      0x08005ce5   Thumb Code    26  parser.o(.text)
    nmea_parser_pop                          0x08005cff   Thumb Code    44  parser.o(.text)
    nmea_parser_buff_clear                   0x08005d2b   Thumb Code    10  parser.o(.text)
    nmea_parser_real_push                    0x08005d35   Thumb Code   510  parser.o(.text)
    nmea_parser_push                         0x08005f33   Thumb Code    50  parser.o(.text)
    nmea_parse                               0x08005f65   Thumb Code   134  parser.o(.text)
    nmea_parser_top                          0x08005feb   Thumb Code    12  parser.o(.text)
    nmea_parser_peek                         0x08005ff7   Thumb Code    20  parser.o(.text)
    nmea_time_now                            0x08006025   Thumb Code    24  time.o(.text)
    nmea_calc_crc                            0x0800603d   Thumb Code    24  tok.o(.text)
    nmea_atoi                                0x08006055   Thumb Code    50  tok.o(.text)
    nmea_atof                                0x08006087   Thumb Code    54  tok.o(.text)
    nmea_printf                              0x080060bd   Thumb Code   102  tok.o(.text)
    nmea_scanf                               0x08006123   Thumb Code   538  tok.o(.text)
    __rt_ctype_table                         0x08006345   Thumb Code    16  rt_ctype_table.o(.text)
    malloc                                   0x08006355   Thumb Code    94  h1_alloc.o(.text)
    free                                     0x080063b3   Thumb Code    78  h1_free.o(.text)
    __c89vsprintf                            0x08006401   Thumb Code    32  c89vsprintf.o(.text)
    __c89vsnprintf                           0x08006425   Thumb Code    48  c89vsnprintf.o(.text)
    __2sprintf                               0x08006459   Thumb Code    38  __2sprintf.o(.text)
    __2snprintf                              0x08006485   Thumb Code    50  __2snprintf.o(.text)
    _printf_pre_padding                      0x080064bd   Thumb Code    46  _printf_pad.o(.text)
    _printf_post_padding                     0x080064eb   Thumb Code    36  _printf_pad.o(.text)
    _printf_str                              0x0800650f   Thumb Code    82  _printf_str.o(.text)
    _printf_int_dec                          0x08006561   Thumb Code   102  _printf_dec.o(.text)
    _printf_longlong_hex                     0x080065d9   Thumb Code    92  _printf_hex_int_ll_ptr.o(.text)
    _printf_int_hex                          0x08006635   Thumb Code    28  _printf_hex_int_ll_ptr.o(.text)
    _printf_ll_hex                           0x08006651   Thumb Code    12  _printf_hex_int_ll_ptr.o(.text)
    _printf_hex_ptr                          0x0800665d   Thumb Code    18  _printf_hex_int_ll_ptr.o(.text)
    __printf                                 0x08006675   Thumb Code   390  __printf_flags_ss_wp.o(.text)
    atoi                                     0x08006801   Thumb Code    26  atoi.o(.text)
    strtol                                   0x0800681b   Thumb Code   112  strtol.o(.text)
    strstr                                   0x0800688b   Thumb Code    36  strstr.o(.text)
    memcmp                                   0x080068af   Thumb Code    88  memcmp.o(.text)
    strcpy                                   0x08006907   Thumb Code    72  strcpy.o(.text)
    strlen                                   0x0800694f   Thumb Code    62  strlen.o(.text)
    memchr                                   0x0800698d   Thumb Code    20  memchr.o(.text)
    strcat                                   0x080069a1   Thumb Code    24  strcat.o(.text)
    __aeabi_memcpy                           0x080069b9   Thumb Code     0  rt_memcpy_v6.o(.text)
    __rt_memcpy                              0x080069b9   Thumb Code   138  rt_memcpy_v6.o(.text)
    _memcpy_lastbytes                        0x08006a1f   Thumb Code     0  rt_memcpy_v6.o(.text)
    __aeabi_memcpy4                          0x08006a43   Thumb Code     0  rt_memcpy_w.o(.text)
    __aeabi_memcpy8                          0x08006a43   Thumb Code     0  rt_memcpy_w.o(.text)
    __rt_memcpy_w                            0x08006a43   Thumb Code   100  rt_memcpy_w.o(.text)
    _memcpy_lastbytes_aligned                0x08006a8b   Thumb Code     0  rt_memcpy_w.o(.text)
    __aeabi_memset                           0x08006aa7   Thumb Code    16  aeabi_memset.o(.text)
    __aeabi_memclr                           0x08006ab7   Thumb Code     0  rt_memclr.o(.text)
    __rt_memclr                              0x08006ab7   Thumb Code    68  rt_memclr.o(.text)
    _memset                                  0x08006abb   Thumb Code     0  rt_memclr.o(.text)
    __aeabi_memclr4                          0x08006afb   Thumb Code     0  rt_memclr_w.o(.text)
    __aeabi_memclr8                          0x08006afb   Thumb Code     0  rt_memclr_w.o(.text)
    __rt_memclr_w                            0x08006afb   Thumb Code    78  rt_memclr_w.o(.text)
    _memset_w                                0x08006aff   Thumb Code     0  rt_memclr_w.o(.text)
    strncpy                                  0x08006b49   Thumb Code    86  strncpy.o(.text)
    __use_two_region_memory                  0x08006b9f   Thumb Code     2  heapauxi.o(.text)
    __rt_heap_escrow                         0x08006ba1   Thumb Code     2  heapauxi.o(.text)
    __rt_heap_expand                         0x08006ba3   Thumb Code     2  heapauxi.o(.text)
    __rt_heap_descriptor                     0x08006ba5   Thumb Code     8  rt_heap_descriptor_intlibspace.o(.text)
    __rt_locale                              0x08006bad   Thumb Code     8  rt_locale_intlibspace.o(.text)
    __aeabi_errno_addr                       0x08006bb5   Thumb Code     8  rt_errno_addr_intlibspace.o(.text)
    __errno$intlibspace                      0x08006bb5   Thumb Code     0  rt_errno_addr_intlibspace.o(.text)
    __rt_errno_addr$intlibspace              0x08006bb5   Thumb Code     0  rt_errno_addr_intlibspace.o(.text)
    __use_no_heap                            0x08006bbd   Thumb Code     2  hguard.o(.text)
    __heap$guard                             0x08006bbf   Thumb Code     2  hguard.o(.text)
    _terminate_user_alloc                    0x08006bc1   Thumb Code     2  init_alloc.o(.text)
    _init_user_alloc                         0x08006bc3   Thumb Code     2  init_alloc.o(.text)
    __Heap_Full                              0x08006bc5   Thumb Code    34  init_alloc.o(.text)
    __Heap_Broken                            0x08006be7   Thumb Code     6  init_alloc.o(.text)
    _init_alloc                              0x08006bed   Thumb Code    94  init_alloc.o(.text)
    __Heap_Initialize                        0x08006c4b   Thumb Code    10  h1_init.o(.text)
    __Heap_DescSize                          0x08006c55   Thumb Code     4  h1_init.o(.text)
    __read_errno                             0x08006c59   Thumb Code    10  _rserrno.o(.text)
    __set_errno                              0x08006c63   Thumb Code    12  _rserrno.o(.text)
    _printf_truncate_signed                  0x08006c6f   Thumb Code    18  _printf_truncate.o(.text)
    _printf_truncate_unsigned                0x08006c81   Thumb Code    18  _printf_truncate.o(.text)
    _printf_int_common                       0x08006c93   Thumb Code   184  _printf_intcommon.o(.text)
    _printf_charcount                        0x08006d4b   Thumb Code    42  _printf_charcount.o(.text)
    __lib_sel_fp_printf                      0x08006d75   Thumb Code     2  _printf_fp_dec.o(.text)
    _printf_fp_dec_real                      0x08006f21   Thumb Code   628  _printf_fp_dec.o(.text)
    _printf_char_common                      0x0800719f   Thumb Code    32  _printf_char_common.o(.text)
    _sputc                                   0x080071c5   Thumb Code    10  _sputc.o(.text)
    _snputc                                  0x080071cf   Thumb Code    16  _snputc.o(.text)
    _printf_cs_common                        0x080071df   Thumb Code    20  _printf_char.o(.text)
    _printf_char                             0x080071f3   Thumb Code    16  _printf_char.o(.text)
    _printf_string                           0x08007203   Thumb Code     8  _printf_char.o(.text)
    _printf_wctomb                           0x0800720d   Thumb Code   182  _printf_wctomb.o(.text)
    _printf_longlong_dec                     0x080072c9   Thumb Code   104  _printf_longlong_dec.o(.text)
    _printf_longlong_oct                     0x08007341   Thumb Code    76  _printf_oct_int_ll.o(.text)
    _printf_int_oct                          0x0800738d   Thumb Code    24  _printf_oct_int_ll.o(.text)
    _printf_ll_oct                           0x080073a5   Thumb Code    12  _printf_oct_int_ll.o(.text)
    _strtoul                                 0x080073b9   Thumb Code   158  _strtoul.o(.text)
    __strtod_int                             0x08007495   Thumb Code    88  strtod.o(.text)
    __user_libspace                          0x080074f9   Thumb Code     8  libspace.o(.text)
    __user_perproc_libspace                  0x080074f9   Thumb Code     0  libspace.o(.text)
    __user_perthread_libspace                0x080074f9   Thumb Code     0  libspace.o(.text)
    __Heap_ProvideMemory                     0x08007501   Thumb Code    52  h1_extend.o(.text)
    _ll_udiv10                               0x08007535   Thumb Code   138  lludiv10.o(.text)
    isspace                                  0x080075bf   Thumb Code    18  isspace.o(.text)
    _printf_fp_infnan                        0x080075d1   Thumb Code   112  _printf_fp_infnan.o(.text)
    _printf_lcs_common                       0x08007651   Thumb Code    20  _printf_wchar.o(.text)
    _printf_wchar                            0x08007665   Thumb Code    16  _printf_wchar.o(.text)
    _printf_wstring                          0x08007675   Thumb Code     8  _printf_wchar.o(.text)
    _chval                                   0x0800767d   Thumb Code    28  _chval.o(.text)
    _sgetc                                   0x08007699   Thumb Code    30  _sgetc.o(.text)
    _sbackspace                              0x080076b7   Thumb Code    34  _sgetc.o(.text)
    _btod_etento                             0x080076d9   Thumb Code   222  bigflt0.o(.text)
    _wcrtomb                                 0x080077bd   Thumb Code    64  _wcrtomb.o(.text)
    __rt_SIGRTMEM                            0x080077fd   Thumb Code    14  defsig_rtmem_outer.o(.text)
    strcmp                                   0x0800780d   Thumb Code   128  strcmpv7m.o(.text)
    __I$use$semihosting                      0x0800788d   Thumb Code     0  use_no_semi.o(.text)
    __use_no_semihosting_swi                 0x0800788d   Thumb Code     2  use_no_semi.o(.text)
    __semihosting_library_function           0x0800788f   Thumb Code     0  indicate_semi.o(.text)
    __user_setup_stackheap                   0x0800788f   Thumb Code    74  sys_stackheap_outer.o(.text)
    _scanf_really_real                       0x08007ad1   Thumb Code   672  scanf_fp.o(.text)
    exit                                     0x08007d7d   Thumb Code    12  exit.o(.text)
    __sig_exit                               0x08007d89   Thumb Code    10  defsig_exit.o(.text)
    __rt_SIGRTMEM_inner                      0x08007d95   Thumb Code    22  defsig_rtmem_inner.o(.text)
    _sys_exit                                0x08007de5   Thumb Code     8  sys_exit.o(.text)
    __default_signal_display                 0x08007df1   Thumb Code    50  defsig_general.o(.text)
    _ttywrch                                 0x08007e23   Thumb Code    14  sys_wrch.o(.text)
    _scanf_really_hex_real                   0x08007e31   Thumb Code   776  scanf_hexfp.o(.text)
    _scanf_really_infnan                     0x08008145   Thumb Code   298  scanf_infnan.o(.text)
    __aeabi_llsl                             0x08008281   Thumb Code     0  llshl.o(.text)
    _ll_shift_l                              0x08008281   Thumb Code    38  llshl.o(.text)
    _btod_d2e                                0x080082a7   Thumb Code    62  btod.o(CL$$btod_d2e)
    _d2e_denorm_low                          0x080082e5   Thumb Code    70  btod.o(CL$$btod_d2e_denorm_low)
    _d2e_norm_op1                            0x0800832b   Thumb Code    96  btod.o(CL$$btod_d2e_norm_op1)
    __btod_div_common                        0x0800838b   Thumb Code   696  btod.o(CL$$btod_div_common)
    _e2d                                     0x080086c5   Thumb Code    80  btod.o(CL$$btod_e2d)
    _e2e                                     0x08008719   Thumb Code   198  btod.o(CL$$btod_e2e)
    _btod_ediv                               0x080087df   Thumb Code    40  btod.o(CL$$btod_ediv)
    _btod_edivd                              0x08008807   Thumb Code    40  btod.o(CL$$btod_edivd)
    _btod_emul                               0x0800882f   Thumb Code    40  btod.o(CL$$btod_emul)
    _btod_emuld                              0x08008857   Thumb Code    40  btod.o(CL$$btod_emuld)
    __btod_mult_common                       0x0800887f   Thumb Code   580  btod.o(CL$$btod_mult_common)
    __ARM_fpclassify                         0x08008ac3   Thumb Code    40  fpclassify.o(i.__ARM_fpclassify)
    __mathlib_dbl_underflow                  0x08008aed   Thumb Code    10  dunder.o(i.__mathlib_dbl_underflow)
    __mathlib_narrow                         0x08008afd   Thumb Code    16  narrow.o(i.__mathlib_narrow)
    __mathlib_tofloat                        0x08008b0d   Thumb Code   132  narrow.o(i.__mathlib_tofloat)
    __support_ldexp                          0x08008b95   Thumb Code    22  ldexp.o(i.__support_ldexp)
    _is_digit                                0x08008bab   Thumb Code    14  __printf_wp.o(i._is_digit)
    frexp                                    0x08008bb9   Thumb Code    80  frexp.o(i.frexp)
    ldexp                                    0x08008c11   Thumb Code   126  ldexp.o(i.ldexp)
    strtod                                   0x08008c8f   Thumb Code    28  strtod.o(i.strtod)
    _get_lc_ctype                            0x08008cad   Thumb Code    44  lc_ctype_c.o(locale$$code)
    _get_lc_numeric                          0x08008cd9   Thumb Code    44  lc_numeric_c.o(locale$$code)
    __aeabi_d2f                              0x08008d05   Thumb Code     0  d2f.o(x$fpl$d2f)
    _d2f                                     0x08008d05   Thumb Code    98  d2f.o(x$fpl$d2f)
    __aeabi_dadd                             0x08008d69   Thumb Code     0  daddsub_clz.o(x$fpl$dadd)
    _dadd                                    0x08008d69   Thumb Code   332  daddsub_clz.o(x$fpl$dadd)
    __fpl_dcheck_NaN1                        0x08008eb9   Thumb Code    10  dcheck1.o(x$fpl$dcheck1)
    __fpl_dcmp_Inf                           0x08008ec9   Thumb Code    24  dcmpi.o(x$fpl$dcmpinf)
    __aeabi_ddiv                             0x08008ee1   Thumb Code     0  ddiv.o(x$fpl$ddiv)
    _ddiv                                    0x08008ee1   Thumb Code   552  ddiv.o(x$fpl$ddiv)
    __aeabi_cdcmpeq                          0x08009191   Thumb Code     0  deqf.o(x$fpl$deqf)
    _dcmpeq                                  0x08009191   Thumb Code   120  deqf.o(x$fpl$deqf)
    __aeabi_d2iz                             0x08009209   Thumb Code     0  dfix.o(x$fpl$dfix)
    _dfix                                    0x08009209   Thumb Code    94  dfix.o(x$fpl$dfix)
    __aeabi_i2d                              0x08009267   Thumb Code     0  dflt_clz.o(x$fpl$dflt)
    _dflt                                    0x08009267   Thumb Code    46  dflt_clz.o(x$fpl$dflt)
    __aeabi_cdcmple                          0x08009295   Thumb Code     0  dleqf.o(x$fpl$dleqf)
    _dcmple                                  0x08009295   Thumb Code   120  dleqf.o(x$fpl$dleqf)
    __fpl_dcmple_InfNaN                      0x080092f7   Thumb Code     0  dleqf.o(x$fpl$dleqf)
    __aeabi_dmul                             0x0800930d   Thumb Code     0  dmul.o(x$fpl$dmul)
    _dmul                                    0x0800930d   Thumb Code   332  dmul.o(x$fpl$dmul)
    __fpl_dnaninf                            0x08009461   Thumb Code   156  dnaninf.o(x$fpl$dnaninf)
    __fpl_dretinf                            0x080094fd   Thumb Code    12  dretinf.o(x$fpl$dretinf)
    __aeabi_cdrcmple                         0x08009509   Thumb Code     0  drleqf.o(x$fpl$drleqf)
    _drcmple                                 0x08009509   Thumb Code   108  drleqf.o(x$fpl$drleqf)
    __aeabi_drsub                            0x08009575   Thumb Code     0  daddsub_clz.o(x$fpl$drsb)
    _drsb                                    0x08009575   Thumb Code    22  daddsub_clz.o(x$fpl$drsb)
    __aeabi_dsub                             0x0800958d   Thumb Code     0  daddsub_clz.o(x$fpl$dsub)
    _dsub                                    0x0800958d   Thumb Code   464  daddsub_clz.o(x$fpl$dsub)
    __aeabi_f2d                              0x08009761   Thumb Code     0  f2d.o(x$fpl$f2d)
    _f2d                                     0x08009761   Thumb Code    86  f2d.o(x$fpl$f2d)
    __fpl_fnaninf                            0x080097b7   Thumb Code   140  fnaninf.o(x$fpl$fnaninf)
    __fpl_fretinf                            0x08009843   Thumb Code    10  fretinf.o(x$fpl$fretinf)
    _printf_fp_dec                           0x0800984d   Thumb Code     4  printf1.o(x$fpl$printf1)
    __fpl_return_NaN                         0x08009851   Thumb Code   100  retnan.o(x$fpl$retnan)
    __ARM_scalbn                             0x080098b5   Thumb Code    92  scalbn.o(x$fpl$scalbn)
    _scanf_real                              0x08009911   Thumb Code     4  scanf1.o(x$fpl$scanf1)
    _scanf_hex_real                          0x08009915   Thumb Code     4  scanf2.o(x$fpl$scanf2)
    _scanf_infnan                            0x08009919   Thumb Code     4  scanf2.o(x$fpl$scanf2)
    __fpl_cmpreturn                          0x0800991d   Thumb Code    48  trapv.o(x$fpl$trapveneer)
    Array                                    0x0800994c   Data        2583  onenet.o(.constdata)
    __I$use$fp                               0x0800994c   Number         0  usenofp.o(x$fpl$usenofp)
    Region$$Table$$Base                      0x0800a570   Number         0  anon$$obj.o(Region$$Table)
    Region$$Table$$Limit                     0x0800a590   Number         0  anon$$obj.o(Region$$Table)
    __aeabi_HUGE_VAL                         0x0800a590   Data           0  fpconst.o(c$$dinf)
    __aeabi_HUGE_VALL                        0x0800a590   Data           0  fpconst.o(c$$dinf)
    __aeabi_INFINITY                         0x0800a590   Data           0  fpconst.o(c$$dinf)
    __dInf                                   0x0800a590   Data           0  fpconst.o(c$$dinf)
    __huge_val                               0x0800a590   Data           0  fpconst.o(c$$dinf)
    __ctype                                  0x0800a5a5   Data           0  lc_ctype_c.o(locale$$data)
    SystemCoreClock                          0x20000000   Data           4  system_stm32f10x.o(.data)
    AHBPrescTable                            0x20000004   Data          16  system_stm32f10x.o(.data)
    beepInfo                                 0x20000028   Data           1  beep.o(.data)
    UsCount                                  0x2000002a   Data           1  delay.o(.data)
    MsCount                                  0x2000002c   Data           2  delay.o(.data)
    timerCount                               0x20000030   Data           2  hwtimer.o(.data)
    timInfo                                  0x20000034   Data           4  hwtimer.o(.data)
    iicInfo                                  0x20000038   Data           2  i2c.o(.data)
    ledStatus                                0x2000003b   Data           4  led.o(.data)
    checkInfo                                0x20000040   Data           2  selfcheck.o(.data)
    GPS_TransferEnd                          0x20000048   Data           1  gps_config.o(.data)
    GPS_HalfTransferEnd                      0x20000049   Data           1  gps_config.o(.data)
    new_parse                                0x2000004a   Data           1  gps_config.o(.data)
    lat                                      0x20000050   Data           8  gps_config.o(.data)
    lon                                      0x20000058   Data           8  gps_config.o(.data)
    ZW_REDLED                                0x20000060   Data          10  main.o(.data)
    ZW_BLUELED                               0x2000006a   Data          10  main.o(.data)
    ZW_GREENLED                              0x20000074   Data          10  main.o(.data)
    ZW_YELLOWLED                             0x2000007e   Data          10  main.o(.data)
    ZW_TEMPERATURE                           0x20000088   Data           7  main.o(.data)
    ZW_HUMIDITY                              0x2000008f   Data           7  main.o(.data)
    ZW_BEEP                                  0x20000096   Data          10  main.o(.data)
    ZW_X                                     0x200000a0   Data           5  main.o(.data)
    ZW_Y                                     0x200000a5   Data           5  main.o(.data)
    ZW_Z                                     0x200000aa   Data           5  main.o(.data)
    ZW_GPS_LAT                               0x200000af   Data           7  main.o(.data)
    ZW_GPS_LON                               0x200000b6   Data           7  main.o(.data)
    ZW_ERRTYPE                               0x200000bd   Data          13  main.o(.data)
    dataStream                               0x200000cc   Data          12  main.o(.data)
    dataStreamCnt                            0x200000d8   Data           1  main.o(.data)
    sendFlag                                 0x200000d9   Data           1  main.o(.data)
    faultType                                0x200000da   Data           1  fault.o(.data)
    faultTypeReport                          0x200000db   Data           1  fault.o(.data)
    oneNetInfo                               0x200000dc   Data          84  onenet.o(.data)
    netDeviceInfo                            0x20000130   Data           4  net_device.o(.data)
    alterInfo                                0x20000154   Data         151  usart.o(.bss)
    UsartPrintfBuf                           0x200001eb   Data         296  usart.o(.bss)
    gps_rbuff                                0x20000318   Data         512  gps_config.o(.bss)
    GPS_info                                 0x20000518   Data         360  gps_config.o(.bss)
    parser                                   0x20000680   Data          20  gps_config.o(.bss)
    beiJingTime                              0x20000694   Data          28  gps_config.o(.bss)
    netIOInfo                                0x200006b0   Data         260  net_io.o(.bss)
    __libspace_start                         0x200007b4   Data          96  libspace.o(.bss)
    __temporary_stack_top$libspace           0x20000814   Data           0  libspace.o(.bss)



==============================================================================

Memory Map of the image

  Image Entry point : 0x08000131

  Load Region LR_IROM1 (Base: 0x08000000, Size: 0x0000a818, Max: 0x00080000, ABSOLUTE, COMPRESSED[0x0000a788])

    Execution Region ER_IROM1 (Base: 0x08000000, Size: 0x0000a6c4, Max: 0x00080000, ABSOLUTE)

    Base Addr    Size         Type   Attr      Idx    E Section Name        Object

    0x08000000   0x00000130   Data   RO          183    RESET               startup_stm32f10x_hd.o
    0x08000130   0x00000008   Code   RO         1123  * !!!main             c_w.l(__main.o)
    0x08000138   0x00000034   Code   RO         1661    !!!scatter          c_w.l(__scatter.o)
    0x0800016c   0x0000005a   Code   RO         1659    !!dczerorl2         c_w.l(__dczerorl2.o)
    0x080001c6   0x00000002   PAD
    0x080001c8   0x0000001c   Code   RO         1663    !!handler_zi        c_w.l(__scatter_zi.o)
    0x080001e4   0x00000000   Code   RO         1087    .ARM.Collect$$_printf_percent$$00000000  c_w.l(_printf_percent.o)
    0x080001e4   0x00000006   Code   RO         1329    .ARM.Collect$$_printf_percent$$00000001  c_w.l(_printf_n.o)
    0x080001ea   0x00000006   Code   RO         1330    .ARM.Collect$$_printf_percent$$00000002  c_w.l(_printf_p.o)
    0x080001f0   0x00000006   Code   RO         1086    .ARM.Collect$$_printf_percent$$00000003  c_w.l(_printf_f.o)
    0x080001f6   0x00000006   Code   RO         1334    .ARM.Collect$$_printf_percent$$00000004  c_w.l(_printf_e.o)
    0x080001fc   0x00000006   Code   RO         1335    .ARM.Collect$$_printf_percent$$00000005  c_w.l(_printf_g.o)
    0x08000202   0x00000006   Code   RO         1336    .ARM.Collect$$_printf_percent$$00000006  c_w.l(_printf_a.o)
    0x08000208   0x0000000a   Code   RO         1341    .ARM.Collect$$_printf_percent$$00000007  c_w.l(_printf_ll.o)
    0x08000212   0x00000006   Code   RO         1332    .ARM.Collect$$_printf_percent$$00000008  c_w.l(_printf_i.o)
    0x08000218   0x00000006   Code   RO         1085    .ARM.Collect$$_printf_percent$$00000009  c_w.l(_printf_d.o)
    0x0800021e   0x00000006   Code   RO         1333    .ARM.Collect$$_printf_percent$$0000000A  c_w.l(_printf_u.o)
    0x08000224   0x00000006   Code   RO         1331    .ARM.Collect$$_printf_percent$$0000000B  c_w.l(_printf_o.o)
    0x0800022a   0x00000006   Code   RO         1084    .ARM.Collect$$_printf_percent$$0000000C  c_w.l(_printf_x.o)
    0x08000230   0x00000006   Code   RO         1338    .ARM.Collect$$_printf_percent$$0000000D  c_w.l(_printf_lli.o)
    0x08000236   0x00000006   Code   RO         1339    .ARM.Collect$$_printf_percent$$0000000E  c_w.l(_printf_lld.o)
    0x0800023c   0x00000006   Code   RO         1340    .ARM.Collect$$_printf_percent$$0000000F  c_w.l(_printf_llu.o)
    0x08000242   0x00000006   Code   RO         1345    .ARM.Collect$$_printf_percent$$00000010  c_w.l(_printf_llo.o)
    0x08000248   0x00000006   Code   RO         1346    .ARM.Collect$$_printf_percent$$00000011  c_w.l(_printf_llx.o)
    0x0800024e   0x0000000a   Code   RO         1342    .ARM.Collect$$_printf_percent$$00000012  c_w.l(_printf_l.o)
    0x08000258   0x00000006   Code   RO         1328    .ARM.Collect$$_printf_percent$$00000013  c_w.l(_printf_c.o)
    0x0800025e   0x00000006   Code   RO         1083    .ARM.Collect$$_printf_percent$$00000014  c_w.l(_printf_s.o)
    0x08000264   0x00000006   Code   RO         1343    .ARM.Collect$$_printf_percent$$00000015  c_w.l(_printf_lc.o)
    0x0800026a   0x00000006   Code   RO         1344    .ARM.Collect$$_printf_percent$$00000016  c_w.l(_printf_ls.o)
    0x08000270   0x00000004   Code   RO         1337    .ARM.Collect$$_printf_percent$$00000017  c_w.l(_printf_percent_end.o)
    0x08000274   0x00000002   Code   RO         1558    .ARM.Collect$$libinit$$00000000  c_w.l(libinit.o)
    0x08000276   0x00000000   Code   RO         1357    .ARM.Collect$$libinit$$00000002  c_w.l(libinit2.o)
    0x08000276   0x00000008   Code   RO         1358    .ARM.Collect$$libinit$$00000003  c_w.l(libinit2.o)
    0x0800027e   0x00000000   Code   RO         1360    .ARM.Collect$$libinit$$00000008  c_w.l(libinit2.o)
    0x0800027e   0x00000000   Code   RO         1362    .ARM.Collect$$libinit$$0000000A  c_w.l(libinit2.o)
    0x0800027e   0x00000000   Code   RO         1364    .ARM.Collect$$libinit$$0000000C  c_w.l(libinit2.o)
    0x0800027e   0x00000006   Code   RO         1365    .ARM.Collect$$libinit$$0000000D  c_w.l(libinit2.o)
    0x08000284   0x00000000   Code   RO         1367    .ARM.Collect$$libinit$$0000000F  c_w.l(libinit2.o)
    0x08000284   0x0000000c   Code   RO         1368    .ARM.Collect$$libinit$$00000010  c_w.l(libinit2.o)
    0x08000290   0x00000000   Code   RO         1369    .ARM.Collect$$libinit$$00000011  c_w.l(libinit2.o)
    0x08000290   0x00000000   Code   RO         1371    .ARM.Collect$$libinit$$00000013  c_w.l(libinit2.o)
    0x08000290   0x0000000a   Code   RO         1372    .ARM.Collect$$libinit$$00000014  c_w.l(libinit2.o)
    0x0800029a   0x00000000   Code   RO         1373    .ARM.Collect$$libinit$$00000015  c_w.l(libinit2.o)
    0x0800029a   0x00000000   Code   RO         1375    .ARM.Collect$$libinit$$00000017  c_w.l(libinit2.o)
    0x0800029a   0x00000000   Code   RO         1377    .ARM.Collect$$libinit$$00000019  c_w.l(libinit2.o)
    0x0800029a   0x00000000   Code   RO         1379    .ARM.Collect$$libinit$$0000001B  c_w.l(libinit2.o)
    0x0800029a   0x00000000   Code   RO         1381    .ARM.Collect$$libinit$$0000001D  c_w.l(libinit2.o)
    0x0800029a   0x00000000   Code   RO         1383    .ARM.Collect$$libinit$$0000001F  c_w.l(libinit2.o)
    0x0800029a   0x00000000   Code   RO         1385    .ARM.Collect$$libinit$$00000021  c_w.l(libinit2.o)
    0x0800029a   0x00000000   Code   RO         1387    .ARM.Collect$$libinit$$00000023  c_w.l(libinit2.o)
    0x0800029a   0x00000000   Code   RO         1391    .ARM.Collect$$libinit$$0000002A  c_w.l(libinit2.o)
    0x0800029a   0x00000000   Code   RO         1393    .ARM.Collect$$libinit$$0000002C  c_w.l(libinit2.o)
    0x0800029a   0x00000000   Code   RO         1395    .ARM.Collect$$libinit$$0000002E  c_w.l(libinit2.o)
    0x0800029a   0x00000000   Code   RO         1397    .ARM.Collect$$libinit$$00000030  c_w.l(libinit2.o)
    0x0800029a   0x00000002   Code   RO         1398    .ARM.Collect$$libinit$$00000031  c_w.l(libinit2.o)
    0x0800029c   0x00000002   Code   RO         1644    .ARM.Collect$$libshutdown$$00000000  c_w.l(libshutdown.o)
    0x0800029e   0x00000000   Code   RO         1575    .ARM.Collect$$libshutdown$$00000003  c_w.l(libshutdown2.o)
    0x0800029e   0x00000000   Code   RO         1578    .ARM.Collect$$libshutdown$$00000006  c_w.l(libshutdown2.o)
    0x0800029e   0x00000000   Code   RO         1581    .ARM.Collect$$libshutdown$$00000009  c_w.l(libshutdown2.o)
    0x0800029e   0x00000000   Code   RO         1583    .ARM.Collect$$libshutdown$$0000000B  c_w.l(libshutdown2.o)
    0x0800029e   0x00000000   Code   RO         1586    .ARM.Collect$$libshutdown$$0000000E  c_w.l(libshutdown2.o)
    0x0800029e   0x00000002   Code   RO         1587    .ARM.Collect$$libshutdown$$0000000F  c_w.l(libshutdown2.o)
    0x080002a0   0x00000000   Code   RO         1263    .ARM.Collect$$rtentry$$00000000  c_w.l(rtentry.o)
    0x080002a0   0x00000000   Code   RO         1447    .ARM.Collect$$rtentry$$00000002  c_w.l(rtentry2.o)
    0x080002a0   0x00000006   Code   RO         1459    .ARM.Collect$$rtentry$$00000004  c_w.l(rtentry4.o)
    0x080002a6   0x00000000   Code   RO         1449    .ARM.Collect$$rtentry$$00000009  c_w.l(rtentry2.o)
    0x080002a6   0x00000004   Code   RO         1450    .ARM.Collect$$rtentry$$0000000A  c_w.l(rtentry2.o)
    0x080002aa   0x00000000   Code   RO         1452    .ARM.Collect$$rtentry$$0000000C  c_w.l(rtentry2.o)
    0x080002aa   0x00000008   Code   RO         1453    .ARM.Collect$$rtentry$$0000000D  c_w.l(rtentry2.o)
    0x080002b2   0x00000002   Code   RO         1563    .ARM.Collect$$rtexit$$00000000  c_w.l(rtexit.o)
    0x080002b4   0x00000000   Code   RO         1608    .ARM.Collect$$rtexit$$00000002  c_w.l(rtexit2.o)
    0x080002b4   0x00000004   Code   RO         1609    .ARM.Collect$$rtexit$$00000003  c_w.l(rtexit2.o)
    0x080002b8   0x00000006   Code   RO         1610    .ARM.Collect$$rtexit$$00000004  c_w.l(rtexit2.o)
    0x080002be   0x00000002   PAD
    0x080002c0   0x00000000   Code   RO         1463    .emb_text           c_w.l(maybetermalloc1.o)
    0x080002c0   0x0000013c   Code   RO           17    .text               stm32f10x_it.o
    0x080003fc   0x000001dc   Code   RO          163    .text               system_stm32f10x.o
    0x080005d8   0x00000040   Code   RO          184    .text               startup_stm32f10x_hd.o
    0x08000618   0x000000dc   Code   RO          188    .text               misc.o
    0x080006f4   0x00000358   Code   RO          226    .text               stm32f10x_gpio.o
    0x08000a4c   0x000003a4   Code   RO          238    .text               stm32f10x_rcc.o
    0x08000df0   0x00000e1a   Code   RO          252    .text               stm32f10x_tim.o
    0x08001c0a   0x00000002   PAD
    0x08001c0c   0x00000408   Code   RO          264    .text               stm32f10x_usart.o
    0x08002014   0x00000250   Code   RO          288    .text               stm32f10x_dma.o
    0x08002264   0x0000009e   Code   RO          300    .text               at24c02.o
    0x08002302   0x00000002   PAD
    0x08002304   0x0000004c   Code   RO          322    .text               beep.o
    0x08002350   0x000000f0   Code   RO          340    .text               delay.o
    0x08002440   0x000001c8   Code   RO          355    .text               hwtimer.o
    0x08002608   0x000003f4   Code   RO          391    .text               i2c.o
    0x080029fc   0x00000244   Code   RO          409    .text               info.o
    0x08002c40   0x00000198   Code   RO          439    .text               key.o
    0x08002dd8   0x000000fc   Code   RO          455    .text               led.o
    0x08002ed4   0x00000110   Code   RO          473    .text               selfcheck.o
    0x08002fe4   0x00000440   Code   RO          491    .text               usart.o
    0x08003424   0x000003c8   Code   RO          516    .text               gps_config.o
    0x080037ec   0x0000021c   Code   RO          535    .text               lcd1602.o
    0x08003a08   0x000004fc   Code   RO          600    .text               main.o
    0x08003f04   0x000000e4   Code   RO          631    .text               onenetapp.o
    0x08003fe8   0x00000114   Code   RO          656    .text               fault.o
    0x080040fc   0x00000270   Code   RO          674    .text               onenet.o
    0x0800436c   0x0000067e   Code   RO          698    .text               dstream.o
    0x080049ea   0x00000002   PAD
    0x080049ec   0x0000022c   Code   RO          710    .text               http_stream.o
    0x08004c18   0x00000660   Code   RO          723    .text               net_device.o
    0x08005278   0x000000c0   Code   RO          745    .text               net_io.o
    0x08005338   0x000000ac   Code   RO          763    .text               context.o
    0x080053e4   0x00000888   Code   RO          858    .text               parse.o
    0x08005c6c   0x000003b8   Code   RO          879    .text               parser.o
    0x08006024   0x00000018   Code   RO          909    .text               time.o
    0x0800603c   0x00000308   Code   RO          927    .text               tok.o
    0x08006344   0x00000010   Code   RO          958    .text               c_w.l(rt_ctype_table.o)
    0x08006354   0x0000005e   Code   RO          964    .text               c_w.l(h1_alloc.o)
    0x080063b2   0x0000004e   Code   RO          966    .text               c_w.l(h1_free.o)
    0x08006400   0x00000024   Code   RO         1022    .text               c_w.l(c89vsprintf.o)
    0x08006424   0x00000034   Code   RO         1024    .text               c_w.l(c89vsnprintf.o)
    0x08006458   0x0000002c   Code   RO         1026    .text               c_w.l(__2sprintf.o)
    0x08006484   0x00000038   Code   RO         1028    .text               c_w.l(__2snprintf.o)
    0x080064bc   0x00000052   Code   RO         1036    .text               c_w.l(_printf_pad.o)
    0x0800650e   0x00000052   Code   RO         1038    .text               c_w.l(_printf_str.o)
    0x08006560   0x00000078   Code   RO         1040    .text               c_w.l(_printf_dec.o)
    0x080065d8   0x0000009c   Code   RO         1060    .text               c_w.l(_printf_hex_int_ll_ptr.o)
    0x08006674   0x0000018c   Code   RO         1080    .text               c_w.l(__printf_flags_ss_wp.o)
    0x08006800   0x0000001a   Code   RO         1088    .text               c_w.l(atoi.o)
    0x0800681a   0x00000070   Code   RO         1090    .text               c_w.l(strtol.o)
    0x0800688a   0x00000024   Code   RO         1097    .text               c_w.l(strstr.o)
    0x080068ae   0x00000058   Code   RO         1099    .text               c_w.l(memcmp.o)
    0x08006906   0x00000048   Code   RO         1101    .text               c_w.l(strcpy.o)
    0x0800694e   0x0000003e   Code   RO         1103    .text               c_w.l(strlen.o)
    0x0800698c   0x00000014   Code   RO         1105    .text               c_w.l(memchr.o)
    0x080069a0   0x00000018   Code   RO         1107    .text               c_w.l(strcat.o)
    0x080069b8   0x0000008a   Code   RO         1109    .text               c_w.l(rt_memcpy_v6.o)
    0x08006a42   0x00000064   Code   RO         1111    .text               c_w.l(rt_memcpy_w.o)
    0x08006aa6   0x00000010   Code   RO         1113    .text               c_w.l(aeabi_memset.o)
    0x08006ab6   0x00000044   Code   RO         1115    .text               c_w.l(rt_memclr.o)
    0x08006afa   0x0000004e   Code   RO         1117    .text               c_w.l(rt_memclr_w.o)
    0x08006b48   0x00000056   Code   RO         1119    .text               c_w.l(strncpy.o)
    0x08006b9e   0x00000006   Code   RO         1121    .text               c_w.l(heapauxi.o)
    0x08006ba4   0x00000008   Code   RO         1267    .text               c_w.l(rt_heap_descriptor_intlibspace.o)
    0x08006bac   0x00000008   Code   RO         1272    .text               c_w.l(rt_locale_intlibspace.o)
    0x08006bb4   0x00000008   Code   RO         1277    .text               c_w.l(rt_errno_addr_intlibspace.o)
    0x08006bbc   0x00000004   Code   RO         1279    .text               c_w.l(hguard.o)
    0x08006bc0   0x0000008a   Code   RO         1281    .text               c_w.l(init_alloc.o)
    0x08006c4a   0x0000000e   Code   RO         1285    .text               c_w.l(h1_init.o)
    0x08006c58   0x00000016   Code   RO         1299    .text               c_w.l(_rserrno.o)
    0x08006c6e   0x00000024   Code   RO         1301    .text               c_w.l(_printf_truncate.o)
    0x08006c92   0x000000b8   Code   RO         1303    .text               c_w.l(_printf_intcommon.o)
    0x08006d4a   0x0000002a   Code   RO         1305    .text               c_w.l(_printf_charcount.o)
    0x08006d74   0x00000420   Code   RO         1307    .text               c_w.l(_printf_fp_dec.o)
    0x08007194   0x00000030   Code   RO         1309    .text               c_w.l(_printf_char_common.o)
    0x080071c4   0x0000000a   Code   RO         1311    .text               c_w.l(_sputc.o)
    0x080071ce   0x00000010   Code   RO         1313    .text               c_w.l(_snputc.o)
    0x080071de   0x0000002c   Code   RO         1315    .text               c_w.l(_printf_char.o)
    0x0800720a   0x00000002   PAD
    0x0800720c   0x000000bc   Code   RO         1317    .text               c_w.l(_printf_wctomb.o)
    0x080072c8   0x00000078   Code   RO         1320    .text               c_w.l(_printf_longlong_dec.o)
    0x08007340   0x00000078   Code   RO         1326    .text               c_w.l(_printf_oct_int_ll.o)
    0x080073b8   0x0000009e   Code   RO         1347    .text               c_w.l(_strtoul.o)
    0x08007456   0x00000002   PAD
    0x08007458   0x000000a0   Code   RO         1349    .text               c_w.l(strtod.o)
    0x080074f8   0x00000008   Code   RO         1443    .text               c_w.l(libspace.o)
    0x08007500   0x00000034   Code   RO         1465    .text               c_w.l(h1_extend.o)
    0x08007534   0x0000008a   Code   RO         1469    .text               c_w.l(lludiv10.o)
    0x080075be   0x00000012   Code   RO         1471    .text               c_w.l(isspace.o)
    0x080075d0   0x00000080   Code   RO         1473    .text               c_w.l(_printf_fp_infnan.o)
    0x08007650   0x0000002c   Code   RO         1477    .text               c_w.l(_printf_wchar.o)
    0x0800767c   0x0000001c   Code   RO         1479    .text               c_w.l(_chval.o)
    0x08007698   0x00000040   Code   RO         1481    .text               c_w.l(_sgetc.o)
    0x080076d8   0x000000e4   Code   RO         1483    .text               c_w.l(bigflt0.o)
    0x080077bc   0x00000040   Code   RO         1508    .text               c_w.l(_wcrtomb.o)
    0x080077fc   0x0000000e   Code   RO         1513    .text               c_w.l(defsig_rtmem_outer.o)
    0x0800780a   0x00000002   PAD
    0x0800780c   0x00000080   Code   RO         1517    .text               c_w.l(strcmpv7m.o)
    0x0800788c   0x00000002   Code   RO         1532    .text               c_w.l(use_no_semi.o)
    0x0800788e   0x00000000   Code   RO         1534    .text               c_w.l(indicate_semi.o)
    0x0800788e   0x0000004a   Code   RO         1535    .text               c_w.l(sys_stackheap_outer.o)
    0x080078d8   0x000004a4   Code   RO         1541    .text               c_w.l(scanf_fp.o)
    0x08007d7c   0x0000000c   Code   RO         1543    .text               c_w.l(exit.o)
    0x08007d88   0x0000000a   Code   RO         1545    .text               c_w.l(defsig_exit.o)
    0x08007d92   0x00000002   PAD
    0x08007d94   0x00000050   Code   RO         1547    .text               c_w.l(defsig_rtmem_inner.o)
    0x08007de4   0x0000000c   Code   RO         1561    .text               c_w.l(sys_exit.o)
    0x08007df0   0x00000032   Code   RO         1571    .text               c_w.l(defsig_general.o)
    0x08007e22   0x0000000e   Code   RO         1605    .text               c_w.l(sys_wrch.o)
    0x08007e30   0x00000314   Code   RO         1614    .text               c_w.l(scanf_hexfp.o)
    0x08008144   0x0000013c   Code   RO         1616    .text               c_w.l(scanf_infnan.o)
    0x08008280   0x00000026   Code   RO         1624    .text               c_w.l(llshl.o)
    0x080082a6   0x0000003e   Code   RO         1486    CL$$btod_d2e        c_w.l(btod.o)
    0x080082e4   0x00000046   Code   RO         1488    CL$$btod_d2e_denorm_low  c_w.l(btod.o)
    0x0800832a   0x00000060   Code   RO         1487    CL$$btod_d2e_norm_op1  c_w.l(btod.o)
    0x0800838a   0x00000338   Code   RO         1496    CL$$btod_div_common  c_w.l(btod.o)
    0x080086c2   0x00000002   PAD
    0x080086c4   0x00000054   Code   RO         1494    CL$$btod_e2d        c_w.l(btod.o)
    0x08008718   0x000000c6   Code   RO         1493    CL$$btod_e2e        c_w.l(btod.o)
    0x080087de   0x00000028   Code   RO         1490    CL$$btod_ediv       c_w.l(btod.o)
    0x08008806   0x00000028   Code   RO         1492    CL$$btod_edivd      c_w.l(btod.o)
    0x0800882e   0x00000028   Code   RO         1489    CL$$btod_emul       c_w.l(btod.o)
    0x08008856   0x00000028   Code   RO         1491    CL$$btod_emuld      c_w.l(btod.o)
    0x0800887e   0x00000244   Code   RO         1495    CL$$btod_mult_common  c_w.l(btod.o)
    0x08008ac2   0x00000028   Code   RO         1419    i.__ARM_fpclassify  m_ws.l(fpclassify.o)
    0x08008aea   0x00000002   PAD
    0x08008aec   0x00000010   Code   RO         1417    i.__mathlib_dbl_underflow  m_ws.l(dunder.o)
    0x08008afc   0x00000010   Code   RO         1599    i.__mathlib_narrow  m_ws.l(narrow.o)
    0x08008b0c   0x00000088   Code   RO         1600    i.__mathlib_tofloat  m_ws.l(narrow.o)
    0x08008b94   0x00000016   Code   RO         1646    i.__support_ldexp   m_ws.l(ldexp.o)
    0x08008baa   0x0000000e   Code   RO         1073    i._is_digit         c_w.l(__printf_wp.o)
    0x08008bb8   0x00000058   Code   RO         1621    i.frexp             m_ws.l(frexp.o)
    0x08008c10   0x0000007e   Code   RO         1647    i.ldexp             m_ws.l(ldexp.o)
    0x08008c8e   0x0000001c   Code   RO         1250    i.strtod            m_ws.l(strtod.o)
    0x08008caa   0x00000002   PAD
    0x08008cac   0x0000002c   Code   RO         1352    locale$$code        c_w.l(lc_ctype_c.o)
    0x08008cd8   0x0000002c   Code   RO         1511    locale$$code        c_w.l(lc_numeric_c.o)
    0x08008d04   0x00000062   Code   RO         1125    x$fpl$d2f           fz_ws.l(d2f.o)
    0x08008d66   0x00000002   PAD
    0x08008d68   0x00000150   Code   RO         1127    x$fpl$dadd          fz_ws.l(daddsub_clz.o)
    0x08008eb8   0x00000010   Code   RO         1524    x$fpl$dcheck1       fz_ws.l(dcheck1.o)
    0x08008ec8   0x00000018   Code   RO         1399    x$fpl$dcmpinf       fz_ws.l(dcmpi.o)
    0x08008ee0   0x000002b0   Code   RO         1134    x$fpl$ddiv          fz_ws.l(ddiv.o)
    0x08009190   0x00000078   Code   RO         1137    x$fpl$deqf          fz_ws.l(deqf.o)
    0x08009208   0x0000005e   Code   RO         1139    x$fpl$dfix          fz_ws.l(dfix.o)
    0x08009266   0x0000002e   Code   RO         1144    x$fpl$dflt          fz_ws.l(dflt_clz.o)
    0x08009294   0x00000078   Code   RO         1149    x$fpl$dleqf         fz_ws.l(dleqf.o)
    0x0800930c   0x00000154   Code   RO         1151    x$fpl$dmul          fz_ws.l(dmul.o)
    0x08009460   0x0000009c   Code   RO         1401    x$fpl$dnaninf       fz_ws.l(dnaninf.o)
    0x080094fc   0x0000000c   Code   RO         1403    x$fpl$dretinf       fz_ws.l(dretinf.o)
    0x08009508   0x0000006c   Code   RO         1153    x$fpl$drleqf        fz_ws.l(drleqf.o)
    0x08009574   0x00000016   Code   RO         1128    x$fpl$drsb          fz_ws.l(daddsub_clz.o)
    0x0800958a   0x00000002   PAD
    0x0800958c   0x000001d4   Code   RO         1129    x$fpl$dsub          fz_ws.l(daddsub_clz.o)
    0x08009760   0x00000056   Code   RO         1155    x$fpl$f2d           fz_ws.l(f2d.o)
    0x080097b6   0x0000008c   Code   RO         1407    x$fpl$fnaninf       fz_ws.l(fnaninf.o)
    0x08009842   0x0000000a   Code   RO         1409    x$fpl$fretinf       fz_ws.l(fretinf.o)
    0x0800984c   0x00000004   Code   RO         1167    x$fpl$printf1       fz_ws.l(printf1.o)
    0x08009850   0x00000064   Code   RO         1559    x$fpl$retnan        fz_ws.l(retnan.o)
    0x080098b4   0x0000005c   Code   RO         1411    x$fpl$scalbn        fz_ws.l(scalbn.o)
    0x08009910   0x00000004   Code   RO         1530    x$fpl$scanf1        fz_ws.l(scanf1.o)
    0x08009914   0x00000008   Code   RO         1591    x$fpl$scanf2        fz_ws.l(scanf2.o)
    0x0800991c   0x00000030   Code   RO         1597    x$fpl$trapveneer    fz_ws.l(trapv.o)
    0x0800994c   0x00000000   Code   RO         1413    x$fpl$usenofp       fz_ws.l(usenofp.o)
    0x0800994c   0x00000a7e   Data   RO          675    .constdata          onenet.o
    0x0800a3ca   0x00000002   PAD
    0x0800a3cc   0x0000006c   Data   RO          711    .constdata          http_stream.o
    0x0800a438   0x00000041   Data   RO          859    .constdata          parse.o
    0x0800a479   0x00000028   Data   RO         1061    .constdata          c_w.l(_printf_hex_int_ll_ptr.o)
    0x0800a4a1   0x00000011   Data   RO         1081    .constdata          c_w.l(__printf_flags_ss_wp.o)
    0x0800a4b2   0x00000002   PAD
    0x0800a4b4   0x00000008   Data   RO         1318    .constdata          c_w.l(_printf_wctomb.o)
    0x0800a4bc   0x00000094   Data   RO         1484    .constdata          c_w.l(bigflt0.o)
    0x0800a550   0x0000001e   Data   RO          860    .conststring        parse.o
    0x0800a56e   0x00000002   PAD
    0x0800a570   0x00000020   Data   RO         1657    Region$$Table       anon$$obj.o
    0x0800a590   0x00000008   Data   RO         1588    c$$dinf             fz_ws.l(fpconst.o)
    0x0800a598   0x00000110   Data   RO         1351    locale$$data        c_w.l(lc_ctype_c.o)
    0x0800a6a8   0x0000001c   Data   RO         1510    locale$$data        c_w.l(lc_numeric_c.o)


    Execution Region RW_IRAM1 (Base: 0x20000000, Size: 0x00001c18, Max: 0x00010000, ABSOLUTE, COMPRESSED[0x000000c4])

    Base Addr    Size         Type   Attr      Idx    E Section Name        Object

    0x20000000   0x00000014   Data   RW          164    .data               system_stm32f10x.o
    0x20000014   0x00000014   Data   RW          239    .data               stm32f10x_rcc.o
    0x20000028   0x00000001   Data   RW          323    .data               beep.o
    0x20000029   0x00000001   PAD
    0x2000002a   0x00000004   Data   RW          341    .data               delay.o
    0x2000002e   0x00000002   PAD
    0x20000030   0x00000008   Data   RW          356    .data               hwtimer.o
    0x20000038   0x00000002   Data   RW          392    .data               i2c.o
    0x2000003a   0x00000001   Data   RW          440    .data               key.o
    0x2000003b   0x00000004   Data   RW          456    .data               led.o
    0x2000003f   0x00000001   PAD
    0x20000040   0x00000002   Data   RW          474    .data               selfcheck.o
    0x20000042   0x00000006   PAD
    0x20000048   0x00000018   Data   RW          518    .data               gps_config.o
    0x20000060   0x0000007a   Data   RW          601    .data               main.o
    0x200000da   0x00000002   Data   RW          657    .data               fault.o
    0x200000dc   0x00000054   Data   RW          676    .data               onenet.o
    0x20000130   0x00000004   Data   RW          724    .data               net_device.o
    0x20000134   0x0000000c   Data   RW          764    .data               context.o
    0x20000140   0x00000014   Data   RW          861    .data               parse.o
    0x20000154   0x000001bf   Zero   RW          492    .bss                usart.o
    0x20000313   0x00000005   PAD
    0x20000318   0x00000398   Zero   RW          517    .bss                gps_config.o
    0x200006b0   0x00000104   Zero   RW          746    .bss                net_io.o
    0x200007b4   0x00000060   Zero   RW         1444    .bss                c_w.l(libspace.o)
    0x20000814   0x00000004   PAD
    0x20000818   0x00001000   Zero   RW          182    HEAP                startup_stm32f10x_hd.o
    0x20001818   0x00000400   Zero   RW          181    STACK               startup_stm32f10x_hd.o


==============================================================================

Image component sizes


      Code (inc. data)   RO Data    RW Data    ZI Data      Debug   Object Name

       158          0          0          0          0       1524   at24c02.o
        76         10          0          1          0        992   beep.o
       172          4          0         12          0       2254   context.o
         0          0          0          0          0       4260   core_cm3.o
       240         10          0          4          0       1312   delay.o
      1662        192          0          0          0       2817   dstream.o
       276        106          0          2          0        700   fault.o
         0          0          0          0          0       2056   generate.o
       968         58          0         24        920       3573   gps_config.o
       556        162        108          0          0       2307   http_stream.o
       456         34          0          8          0       2815   hwtimer.o
      1012         32          0          2          0       4172   i2c.o
       580         78          0          0          0       3500   info.o
       408         12          0          1          0       1328   key.o
       540         28          0          0          0       1877   lcd1602.o
       252         12          0          4          0       1575   led.o
      1276        348          0        122          0       2698   main.o
       220         20          0          0          0     206213   misc.o
      1632        516          0          4          0       4530   net_device.o
       192          8          0          0        260       1697   net_io.o
       624         98       2686         84          0       3377   onenet.o
       228         88          0          0          0        465   onenetapp.o
      2184        462         95         20          0       5318   parse.o
       952         26          0          0          0       4670   parser.o
       272        104          0          2          0       1028   selfcheck.o
        64         26        304          0       5120        744   startup_stm32f10x_hd.o
       592          8          0          0          0       4130   stm32f10x_dma.o
       856         40          0          0          0       5449   stm32f10x_gpio.o
       316        248          0          0          0      56076   stm32f10x_it.o
       932         44          0         20          0       8536   stm32f10x_rcc.o
      3610         88          0          0          0      21932   stm32f10x_tim.o
      1032         22          0          0          0       8172   stm32f10x_usart.o
       476         36          0         20          0       1563   system_stm32f10x.o
        24          0          0          0          0       1076   time.o
       776          8          0          0          0       2463   tok.o
      1088         44          0          0        447       4333   usart.o

    ----------------------------------------------------------------------
     24708       2972       3229        340       6752     381532   Object Totals
         0          0         32          0          0          0   (incl. Generated)
         6          0          4         10          5          0   (incl. Padding)

    ----------------------------------------------------------------------

      Code (inc. data)   RO Data    RW Data    ZI Data      Debug   Library Member Name

        56          6          0          0          0         88   __2snprintf.o
        44          6          0          0          0         84   __2sprintf.o
        90          0          0          0          0          0   __dczerorl2.o
         8          0          0          0          0         68   __main.o
       396          6         17          0          0         92   __printf_flags_ss_wp.o
        14          0          0          0          0         68   __printf_wp.o
        52          8          0          0          0          0   __scatter.o
        28          0          0          0          0          0   __scatter_zi.o
        28          0          0          0          0         68   _chval.o
         6          0          0          0          0          0   _printf_a.o
         6          0          0          0          0          0   _printf_c.o
        44          0          0          0          0        108   _printf_char.o
        48          6          0          0          0         96   _printf_char_common.o
        42          0          0          0          0         68   _printf_charcount.o
         6          0          0          0          0          0   _printf_d.o
       120         18          0          0          0         92   _printf_dec.o
         6          0          0          0          0          0   _printf_e.o
         6          0          0          0          0          0   _printf_f.o
      1056          0          0          0          0        216   _printf_fp_dec.o
       128         16          0          0          0         84   _printf_fp_infnan.o
         6          0          0          0          0          0   _printf_g.o
       156          6         40          0          0        160   _printf_hex_int_ll_ptr.o
         6          0          0          0          0          0   _printf_i.o
       184          0          0          0          0         88   _printf_intcommon.o
        10          0          0          0          0          0   _printf_l.o
         6          0          0          0          0          0   _printf_lc.o
        10          0          0          0          0          0   _printf_ll.o
         6          0          0          0          0          0   _printf_lld.o
         6          0          0          0          0          0   _printf_lli.o
         6          0          0          0          0          0   _printf_llo.o
         6          0          0          0          0          0   _printf_llu.o
         6          0          0          0          0          0   _printf_llx.o
       120         16          0          0          0         92   _printf_longlong_dec.o
         6          0          0          0          0          0   _printf_ls.o
         6          0          0          0          0          0   _printf_n.o
         6          0          0          0          0          0   _printf_o.o
       120          8          0          0          0        124   _printf_oct_int_ll.o
         6          0          0          0          0          0   _printf_p.o
        82          0          0          0          0        108   _printf_pad.o
         0          0          0          0          0          0   _printf_percent.o
         4          0          0          0          0          0   _printf_percent_end.o
         6          0          0          0          0          0   _printf_s.o
        82          0          0          0          0         80   _printf_str.o
        36          0          0          0          0         84   _printf_truncate.o
         6          0          0          0          0          0   _printf_u.o
        44          0          0          0          0        108   _printf_wchar.o
       188          6          8          0          0         92   _printf_wctomb.o
         6          0          0          0          0          0   _printf_x.o
        22          0          0          0          0        100   _rserrno.o
        64          0          0          0          0         84   _sgetc.o
        16          0          0          0          0         68   _snputc.o
        10          0          0          0          0         68   _sputc.o
       158          0          0          0          0         92   _strtoul.o
        64          0          0          0          0         92   _wcrtomb.o
        16          0          0          0          0         68   aeabi_memset.o
        26          0          0          0          0         80   atoi.o
       228          6        148          0          0         96   bigflt0.o
      2074        132          0          0          0        940   btod.o
        52          4          0          0          0         80   c89vsnprintf.o
        36          4          0          0          0         76   c89vsprintf.o
        10          0          0          0          0         68   defsig_exit.o
        50          0          0          0          0         88   defsig_general.o
        80         58          0          0          0         76   defsig_rtmem_inner.o
        14          0          0          0          0         80   defsig_rtmem_outer.o
        12          0          0          0          0         72   exit.o
        94          0          0          0          0         80   h1_alloc.o
        52          0          0          0          0         68   h1_extend.o
        78          0          0          0          0         80   h1_free.o
        14          0          0          0          0         84   h1_init.o
         6          0          0          0          0        152   heapauxi.o
         4          0          0          0          0        136   hguard.o
         0          0          0          0          0          0   indicate_semi.o
       138          0          0          0          0        168   init_alloc.o
        18          0          0          0          0         76   isspace.o
        44         10        272          0          0         76   lc_ctype_c.o
        44         10         28          0          0         76   lc_numeric_c.o
         2          0          0          0          0          0   libinit.o
        38          0          0          0          0          0   libinit2.o
         2          0          0          0          0          0   libshutdown.o
         2          0          0          0          0          0   libshutdown2.o
         8          4          0          0         96         68   libspace.o
        38          0          0          0          0         68   llshl.o
       138          0          0          0          0         80   lludiv10.o
         0          0          0          0          0          0   maybetermalloc1.o
        20          0          0          0          0         68   memchr.o
        88          0          0          0          0         76   memcmp.o
        16          4          0          0          0         76   rt_ctype_table.o
         8          4          0          0          0         68   rt_errno_addr_intlibspace.o
         8          4          0          0          0         68   rt_heap_descriptor_intlibspace.o
         8          4          0          0          0         68   rt_locale_intlibspace.o
        68          0          0          0          0         68   rt_memclr.o
        78          0          0          0          0         80   rt_memclr_w.o
       138          0          0          0          0         68   rt_memcpy_v6.o
       100          0          0          0          0         80   rt_memcpy_w.o
         0          0          0          0          0          0   rtentry.o
        12          0          0          0          0          0   rtentry2.o
         6          0          0          0          0          0   rtentry4.o
         2          0          0          0          0          0   rtexit.o
        10          0          0          0          0          0   rtexit2.o
      1188         12          0          0          0        148   scanf_fp.o
       788         12          0          0          0        100   scanf_hexfp.o
       316         18          0          0          0        100   scanf_infnan.o
        24          0          0          0          0         68   strcat.o
       128          0          0          0          0         68   strcmpv7m.o
        72          0          0          0          0         80   strcpy.o
        62          0          0          0          0         76   strlen.o
        86          0          0          0          0         76   strncpy.o
        36          0          0          0          0         80   strstr.o
       160         12          0          0          0        120   strtod.o
       112          0          0          0          0         88   strtol.o
        12          4          0          0          0         68   sys_exit.o
        74          0          0          0          0         80   sys_stackheap_outer.o
        14          0          0          0          0         76   sys_wrch.o
         2          0          0          0          0         68   use_no_semi.o
        98          4          0          0          0         92   d2f.o
       826         16          0          0          0        348   daddsub_clz.o
        16          4          0          0          0         68   dcheck1.o
        24          0          0          0          0         68   dcmpi.o
       688        140          0          0          0        208   ddiv.o
       120          4          0          0          0         92   deqf.o
        94          4          0          0          0         92   dfix.o
        46          0          0          0          0         68   dflt_clz.o
       120          4          0          0          0         92   dleqf.o
       340         12          0          0          0        104   dmul.o
       156          4          0          0          0         92   dnaninf.o
        12          0          0          0          0         68   dretinf.o
       108          0          0          0          0         80   drleqf.o
        86          4          0          0          0         84   f2d.o
       140          4          0          0          0         84   fnaninf.o
         0          0          8          0          0          0   fpconst.o
        10          0          0          0          0         68   fretinf.o
         4          0          0          0          0         68   printf1.o
       100          0          0          0          0         68   retnan.o
        92          0          0          0          0         68   scalbn.o
         4          0          0          0          0         68   scanf1.o
         8          0          0          0          0         84   scanf2.o
        48          0          0          0          0         68   trapv.o
         0          0          0          0          0          0   usenofp.o
        16          6          0          0          0         68   dunder.o
        40          0          0          0          0         68   fpclassify.o
        88          8          0          0          0         76   frexp.o
       148          0          0          0          0        160   ldexp.o
       152          4          0          0          0        160   narrow.o
        28          0          0          0          0         80   strtod.o

    ----------------------------------------------------------------------
     14232        624        523          0        100      10268   Library Totals
        22          2          2          0          4          0   (incl. Padding)

    ----------------------------------------------------------------------

      Code (inc. data)   RO Data    RW Data    ZI Data      Debug   Library Name

     10598        404        513          0         96       7524   c_w.l
      3140        200          8          0          0       2132   fz_ws.l
       472         18          0          0          0        612   m_ws.l

    ----------------------------------------------------------------------
     14232        624        523          0        100      10268   Library Totals

    ----------------------------------------------------------------------

==============================================================================


      Code (inc. data)   RO Data    RW Data    ZI Data      Debug   

     38940       3596       3752        340       6852     383012   Grand Totals
     38940       3596       3752        196       6852     383012   ELF Image Totals (compressed)
     38940       3596       3752        196          0          0   ROM Totals

==============================================================================

    Total RO  Size (Code + RO Data)                42692 (  41.69kB)
    Total RW  Size (RW Data + ZI Data)              7192 (   7.02kB)
    Total ROM Size (Code + RO Data + RW Data)      42888 (  41.88kB)

==============================================================================

